// Jest Snapshot v1, https://goo.gl/fbAQLP

exports[`PayPal Contribution Reducer Tests should handle PAYPAL_PAY_CONTRIBUTIONS_CLICKED 1`] = `5`;

exports[`PayPal Contribution Reducer Tests should handle PAYPAL_PAY_CONTRIBUTIONS_CLICKED 2`] = `"GBP"`;

exports[`PayPal Contribution Reducer Tests should return the initial state 1`] = `
Object {
  "amount": 5,
  "currency": "GBP",
  "payPalPayClicked": false,
}
`;
