// Jest Snapshot v1, https://goo.gl/fbAQLP

exports[`One-off Reducer should handle CHECKOUT_ERROR 1`] = `"Failed"`;

exports[`One-off Reducer should handle SET_PAYPAL_BUTTON 1`] = `null`;

exports[`One-off Reducer should return the initial state 1`] = `
Object {
  "csrf": Object {
    "token": null,
  },
  "directDebit": Object {
    "accountHolderConfirmation": false,
    "accountHolderName": "",
    "accountNumber": "",
    "formError": "",
    "isDDGuaranteeOpen": false,
    "isPopUpOpen": false,
    "phase": "entry",
    "sortCodeArray": Array [
      "",
      "",
      "",
    ],
  },
  "marketingConsent": Object {
    "confirmOptIn": null,
    "error": false,
  },
  "regularContrib": Object {
    "amount": 20,
    "error": null,
    "payPalHasLoaded": false,
    "paymentMethod": "GBP",
    "paymentStatus": "NotStarted",
    "pollCount": 0,
    "statusUri": null,
  },
  "user": Object {
    "displayName": "",
    "email": "",
    "firstName": "",
    "gnmMarketing": false,
    "id": "",
    "isPostDeploymentTestUser": false,
    "isSignedIn": false,
    "isTestUser": null,
    "lastName": "",
  },
}
`;
