// Jest Snapshot v1, https://goo.gl/fbAQLP

exports[`The BigqueryAcquisitionsPublisher stack matches the snapshot 1`] = `
{
  "Mappings": {
    "DefaultCrNodeVersionMap": {
      "af-south-1": {
        "value": "nodejs16.x",
      },
      "ap-east-1": {
        "value": "nodejs16.x",
      },
      "ap-northeast-1": {
        "value": "nodejs16.x",
      },
      "ap-northeast-2": {
        "value": "nodejs16.x",
      },
      "ap-northeast-3": {
        "value": "nodejs16.x",
      },
      "ap-south-1": {
        "value": "nodejs16.x",
      },
      "ap-south-2": {
        "value": "nodejs16.x",
      },
      "ap-southeast-1": {
        "value": "nodejs16.x",
      },
      "ap-southeast-2": {
        "value": "nodejs16.x",
      },
      "ap-southeast-3": {
        "value": "nodejs16.x",
      },
      "ca-central-1": {
        "value": "nodejs16.x",
      },
      "cn-north-1": {
        "value": "nodejs16.x",
      },
      "cn-northwest-1": {
        "value": "nodejs16.x",
      },
      "eu-central-1": {
        "value": "nodejs16.x",
      },
      "eu-central-2": {
        "value": "nodejs16.x",
      },
      "eu-north-1": {
        "value": "nodejs16.x",
      },
      "eu-south-1": {
        "value": "nodejs16.x",
      },
      "eu-south-2": {
        "value": "nodejs16.x",
      },
      "eu-west-1": {
        "value": "nodejs16.x",
      },
      "eu-west-2": {
        "value": "nodejs16.x",
      },
      "eu-west-3": {
        "value": "nodejs16.x",
      },
      "me-central-1": {
        "value": "nodejs16.x",
      },
      "me-south-1": {
        "value": "nodejs16.x",
      },
      "sa-east-1": {
        "value": "nodejs16.x",
      },
      "us-east-1": {
        "value": "nodejs16.x",
      },
      "us-east-2": {
        "value": "nodejs16.x",
      },
      "us-gov-east-1": {
        "value": "nodejs16.x",
      },
      "us-gov-west-1": {
        "value": "nodejs16.x",
      },
      "us-iso-east-1": {
        "value": "nodejs14.x",
      },
      "us-iso-west-1": {
        "value": "nodejs14.x",
      },
      "us-isob-east-1": {
        "value": "nodejs14.x",
      },
      "us-west-1": {
        "value": "nodejs16.x",
      },
      "us-west-2": {
        "value": "nodejs16.x",
      },
    },
  },
  "Metadata": {
    "gu:cdk:constructs": [
      "GuDistributionBucketParameter",
      "GuLambdaFunction",
    ],
    "gu:cdk:version": "TEST",
  },
  "Parameters": {
    "AssetParametersbb459fac5f6b4b052aac9803443226d161a5cfe96f4648b21f9e4912c698bf30ArtifactHashF0E91DFB": {
      "Description": "Artifact hash for asset "bb459fac5f6b4b052aac9803443226d161a5cfe96f4648b21f9e4912c698bf30"",
      "Type": "String",
    },
    "AssetParametersbb459fac5f6b4b052aac9803443226d161a5cfe96f4648b21f9e4912c698bf30S3BucketE5E33D80": {
      "Description": "S3 bucket for asset "bb459fac5f6b4b052aac9803443226d161a5cfe96f4648b21f9e4912c698bf30"",
      "Type": "String",
    },
    "AssetParametersbb459fac5f6b4b052aac9803443226d161a5cfe96f4648b21f9e4912c698bf30S3VersionKey2264B1D2": {
      "Description": "S3 key for asset version "bb459fac5f6b4b052aac9803443226d161a5cfe96f4648b21f9e4912c698bf30"",
      "Type": "String",
    },
    "DistributionBucketName": {
      "Default": "/account/services/artifact.bucket",
      "Description": "SSM parameter containing the S3 bucket name holding distribution artifacts",
      "Type": "AWS::SSM::Parameter::Value<String>",
    },
  },
  "Resources": {
    "AWS679f53fac002430cb0da5b7982bd22872D164C4C": {
      "DependsOn": [
        "AWS679f53fac002430cb0da5b7982bd2287ServiceRoleC1EA0FF2",
      ],
      "Properties": {
        "Code": {
          "S3Bucket": {
            "Ref": "AssetParametersbb459fac5f6b4b052aac9803443226d161a5cfe96f4648b21f9e4912c698bf30S3BucketE5E33D80",
          },
          "S3Key": {
            "Fn::Join": [
              "",
              [
                {
                  "Fn::Select": [
                    0,
                    {
                      "Fn::Split": [
                        "||",
                        {
                          "Ref": "AssetParametersbb459fac5f6b4b052aac9803443226d161a5cfe96f4648b21f9e4912c698bf30S3VersionKey2264B1D2",
                        },
                      ],
                    },
                  ],
                },
                {
                  "Fn::Select": [
                    1,
                    {
                      "Fn::Split": [
                        "||",
                        {
                          "Ref": "AssetParametersbb459fac5f6b4b052aac9803443226d161a5cfe96f4648b21f9e4912c698bf30S3VersionKey2264B1D2",
                        },
                      ],
                    },
                  ],
                },
              ],
            ],
          },
        },
        "Handler": "index.handler",
        "Role": {
          "Fn::GetAtt": [
            "AWS679f53fac002430cb0da5b7982bd2287ServiceRoleC1EA0FF2",
            "Arn",
          ],
        },
        "Runtime": {
          "Fn::FindInMap": [
            "DefaultCrNodeVersionMap",
            {
              "Ref": "AWS::Region",
            },
            "value",
          ],
        },
        "Tags": [
          {
            "Key": "gu:cdk:version",
            "Value": "TEST",
          },
          {
            "Key": "gu:repo",
            "Value": "guardian/support-frontend",
          },
          {
            "Key": "Stack",
            "Value": "support",
          },
          {
            "Key": "Stage",
            "Value": "PROD",
          },
        ],
        "Timeout": 120,
      },
      "Type": "AWS::Lambda::Function",
    },
    "AWS679f53fac002430cb0da5b7982bd2287ServiceRoleC1EA0FF2": {
      "Properties": {
        "AssumeRolePolicyDocument": {
          "Statement": [
            {
              "Action": "sts:AssumeRole",
              "Effect": "Allow",
              "Principal": {
                "Service": "lambda.amazonaws.com",
              },
            },
          ],
          "Version": "2012-10-17",
        },
        "ManagedPolicyArns": [
          {
            "Fn::Join": [
              "",
              [
                "arn:",
                {
                  "Ref": "AWS::Partition",
                },
                ":iam::aws:policy/service-role/AWSLambdaBasicExecutionRole",
              ],
            ],
          },
        ],
        "Tags": [
          {
            "Key": "gu:cdk:version",
            "Value": "TEST",
          },
          {
            "Key": "gu:repo",
            "Value": "guardian/support-frontend",
          },
          {
            "Key": "Stack",
            "Value": "support",
          },
          {
            "Key": "Stage",
            "Value": "PROD",
          },
        ],
      },
      "Type": "AWS::IAM::Role",
    },
    "EventBridgeIntegration": {
      "Properties": {
        "ApiId": {
          "Ref": "acquisitionseventbridgeapiBD610165",
        },
        "CredentialsArn": {
          "Fn::GetAtt": [
            "EventBridgeIntegrationRoleB322760B",
            "Arn",
          ],
        },
        "IntegrationSubtype": "EventBridge-PutEvents",
        "IntegrationType": "AWS_PROXY",
        "PayloadFormatVersion": "1.0",
        "RequestParameters": {
          "Detail": "$request.body",
          "DetailType": "AcquisitionsEvent",
          "EventBusName": {
            "Fn::GetAtt": [
              "acquisitionsbusFE7F6297",
              "Arn",
            ],
          },
          "Source": "ApiGateway",
        },
        "TimeoutInMillis": 10000,
      },
      "Type": "AWS::ApiGatewayV2::Integration",
    },
    "EventBridgeIntegrationRoleB322760B": {
      "Properties": {
        "AssumeRolePolicyDocument": {
          "Statement": [
            {
              "Action": "sts:AssumeRole",
              "Effect": "Allow",
              "Principal": {
                "Service": "apigateway.amazonaws.com",
              },
            },
          ],
          "Version": "2012-10-17",
        },
        "Tags": [
          {
            "Key": "gu:cdk:version",
            "Value": "TEST",
          },
          {
            "Key": "gu:repo",
            "Value": "guardian/support-frontend",
          },
          {
            "Key": "Stack",
            "Value": "support",
          },
          {
            "Key": "Stage",
            "Value": "PROD",
          },
        ],
      },
      "Type": "AWS::IAM::Role",
    },
    "EventBridgeIntegrationRoleDefaultPolicy16371A00": {
      "Properties": {
        "PolicyDocument": {
          "Statement": [
            {
              "Action": "events:PutEvents",
              "Effect": "Allow",
              "Resource": {
                "Fn::GetAtt": [
                  "acquisitionsbusFE7F6297",
                  "Arn",
                ],
              },
            },
          ],
          "Version": "2012-10-17",
        },
        "PolicyName": "EventBridgeIntegrationRoleDefaultPolicy16371A00",
        "Roles": [
          {
            "Ref": "EventBridgeIntegrationRoleB322760B",
          },
        ],
      },
      "Type": "AWS::IAM::Policy",
    },
    "EventBusToSQSRule72D08395": {
      "Properties": {
        "Description": "Send all events to SQS",
        "EventBusName": {
          "Ref": "acquisitionsbusFE7F6297",
        },
        "EventPattern": {
          "region": [
            "eu-west-1",
          ],
        },
        "State": "ENABLED",
        "Targets": [
          {
            "Arn": {
              "Fn::GetAtt": [
                "bigqueryacquisitionspublisherQueue3F783231",
                "Arn",
              ],
            },
            "Id": "Target0",
          },
        ],
      },
      "Type": "AWS::Events::Rule",
    },
    "EventLogGroupD7F451ED": {
      "DeletionPolicy": "Retain",
      "Properties": {
        "LogGroupName": "/aws/events/acquisitions-bus",
        "RetentionInDays": 731,
        "Tags": [
          {
            "Key": "gu:cdk:version",
            "Value": "TEST",
          },
          {
            "Key": "gu:repo",
            "Value": "guardian/support-frontend",
          },
          {
            "Key": "Stack",
            "Value": "support",
          },
          {
            "Key": "Stage",
            "Value": "PROD",
          },
        ],
      },
      "Type": "AWS::Logs::LogGroup",
      "UpdateReplacePolicy": "Retain",
    },
    "EventLoggerRuleC0DD3E40": {
      "Properties": {
        "Description": "Log all events",
        "EventBusName": {
          "Ref": "acquisitionsbusFE7F6297",
        },
        "EventPattern": {
          "region": [
            "eu-west-1",
          ],
        },
        "State": "ENABLED",
        "Targets": [
          {
            "Arn": {
              "Fn::Join": [
                "",
                [
                  "arn:",
                  {
                    "Ref": "AWS::Partition",
                  },
                  ":logs:",
                  {
                    "Ref": "AWS::Region",
                  },
                  ":",
                  {
                    "Ref": "AWS::AccountId",
                  },
                  ":log-group:",
                  {
                    "Ref": "EventLogGroupD7F451ED",
                  },
                ],
              ],
            },
            "Id": "Target0",
          },
        ],
      },
      "Type": "AWS::Events::Rule",
    },
    "EventRoute": {
      "Properties": {
        "ApiId": {
          "Ref": "acquisitionseventbridgeapiBD610165",
        },
        "RouteKey": "POST /",
        "Target": {
          "Fn::Join": [
            "",
            [
              "integrations/",
              {
                "Ref": "EventBridgeIntegration",
              },
            ],
          ],
        },
      },
      "Type": "AWS::ApiGatewayV2::Route",
    },
    "EventsLogGroupPolicyBigqueryAcquisitionsPublisherPRODEventLoggerRuleC9C435F588FC88FB": {
      "DeletionPolicy": "Delete",
      "DependsOn": [
        "EventsLogGroupPolicyBigqueryAcquisitionsPublisherPRODEventLoggerRuleC9C435F5CustomResourcePolicyE3117807",
      ],
      "Properties": {
        "Create": {
          "Fn::Join": [
            "",
            [
              "{"service":"CloudWatchLogs","action":"putResourcePolicy","parameters":{"policyName":"BigqueryAcquisitionsPublisherPRODEventsLogGroupPolicyBigqueryAcquisitionsPublisherPRODEventLoggerRuleC9C435F5E95BF89E","policyDocument":"{\\"Statement\\":[{\\"Action\\":[\\"logs:PutLogEvents\\",\\"logs:CreateLogStream\\"],\\"Effect\\":\\"Allow\\",\\"Principal\\":{\\"Service\\":\\"events.amazonaws.com\\"},\\"Resource\\":\\"",
              {
                "Fn::GetAtt": [
                  "EventLogGroupD7F451ED",
                  "Arn",
                ],
              },
              "\\"}],\\"Version\\":\\"2012-10-17\\"}"},"physicalResourceId":{"id":"EventsLogGroupPolicyBigqueryAcquisitionsPublisherPRODEventLoggerRuleC9C435F5"}}",
            ],
          ],
        },
        "Delete": "{"service":"CloudWatchLogs","action":"deleteResourcePolicy","parameters":{"policyName":"BigqueryAcquisitionsPublisherPRODEventsLogGroupPolicyBigqueryAcquisitionsPublisherPRODEventLoggerRuleC9C435F5E95BF89E"},"ignoreErrorCodesMatching":"400"}",
        "InstallLatestAwsSdk": true,
        "ServiceToken": {
          "Fn::GetAtt": [
            "AWS679f53fac002430cb0da5b7982bd22872D164C4C",
            "Arn",
          ],
        },
        "Update": {
          "Fn::Join": [
            "",
            [
              "{"service":"CloudWatchLogs","action":"putResourcePolicy","parameters":{"policyName":"BigqueryAcquisitionsPublisherPRODEventsLogGroupPolicyBigqueryAcquisitionsPublisherPRODEventLoggerRuleC9C435F5E95BF89E","policyDocument":"{\\"Statement\\":[{\\"Action\\":[\\"logs:PutLogEvents\\",\\"logs:CreateLogStream\\"],\\"Effect\\":\\"Allow\\",\\"Principal\\":{\\"Service\\":\\"events.amazonaws.com\\"},\\"Resource\\":\\"",
              {
                "Fn::GetAtt": [
                  "EventLogGroupD7F451ED",
                  "Arn",
                ],
              },
              "\\"}],\\"Version\\":\\"2012-10-17\\"}"},"physicalResourceId":{"id":"EventsLogGroupPolicyBigqueryAcquisitionsPublisherPRODEventLoggerRuleC9C435F5"}}",
            ],
          ],
        },
      },
      "Type": "Custom::CloudwatchLogResourcePolicy",
      "UpdateReplacePolicy": "Delete",
    },
    "EventsLogGroupPolicyBigqueryAcquisitionsPublisherPRODEventLoggerRuleC9C435F5CustomResourcePolicyE3117807": {
      "Properties": {
        "PolicyDocument": {
          "Statement": [
            {
              "Action": "logs:PutResourcePolicy",
              "Effect": "Allow",
              "Resource": "*",
            },
            {
              "Action": "logs:DeleteResourcePolicy",
              "Effect": "Allow",
              "Resource": "*",
            },
          ],
          "Version": "2012-10-17",
        },
        "PolicyName": "EventsLogGroupPolicyBigqueryAcquisitionsPublisherPRODEventLoggerRuleC9C435F5CustomResourcePolicyE3117807",
        "Roles": [
          {
            "Ref": "AWS679f53fac002430cb0da5b7982bd2287ServiceRoleC1EA0FF2",
          },
        ],
      },
      "Type": "AWS::IAM::Policy",
    },
    "acquisitionsbusFE7F6297": {
      "Properties": {
        "Name": "AcquisitionsBus",
      },
      "Type": "AWS::Events::EventBus",
    },
    "acquisitionseventbridgeapiBD610165": {
      "Properties": {
        "Name": "acquisitions-eventbridge-api",
        "ProtocolType": "HTTP",
        "Tags": {
          "Stack": "support",
          "Stage": "PROD",
          "gu:cdk:version": "TEST",
          "gu:repo": "guardian/support-frontend",
        },
      },
      "Type": "AWS::ApiGatewayV2::Api",
    },
    "acquisitionseventbridgeapiDefaultStage484DB007": {
      "Properties": {
        "ApiId": {
          "Ref": "acquisitionseventbridgeapiBD610165",
        },
        "AutoDeploy": true,
        "StageName": "$default",
        "Tags": {
          "Stack": "support",
          "Stage": "PROD",
          "gu:cdk:version": "TEST",
          "gu:repo": "guardian/support-frontend",
        },
      },
      "Type": "AWS::ApiGatewayV2::Stage",
    },
    "bigqueryacquisitionspublisherLambdaD7F059E6": {
      "DependsOn": [
        "bigquerytos3roleDefaultPolicy0D20CB1A",
        "bigquerytos3role8B775EB2",
      ],
      "Properties": {
        "Code": {
          "S3Bucket": {
            "Ref": "DistributionBucketName",
          },
          "S3Key": "support/PROD/bigquery-acquisitions-publisher/bigquery-acquisitions-publisher.jar",
        },
        "Environment": {
          "Variables": {
            "APP": "bigquery-acquisitions-publisher",
            "STACK": "support",
            "STAGE": "PROD",
          },
        },
        "FunctionName": "bigquery-acquisitions-publisher-PROD",
        "Handler": "com.gu.bigqueryAcquisitionsPublisher.Lambda::handler",
        "MemorySize": 1024,
        "Role": {
          "Fn::GetAtt": [
            "bigquerytos3role8B775EB2",
            "Arn",
          ],
        },
        "Runtime": "java8.al2",
        "Tags": [
          {
            "Key": "App",
            "Value": "bigquery-acquisitions-publisher",
          },
          {
            "Key": "gu:cdk:version",
            "Value": "TEST",
          },
          {
            "Key": "gu:repo",
            "Value": "guardian/support-frontend",
          },
          {
            "Key": "Stack",
            "Value": "support",
          },
          {
            "Key": "Stage",
            "Value": "PROD",
          },
        ],
        "Timeout": 120,
      },
      "Type": "AWS::Lambda::Function",
    },
    "bigqueryacquisitionspublisherLambdaSqsEventSourceBigqueryAcquisitionsPublisherPRODbigqueryacquisitionspublisherQueue4510DFFB25270BDD": {
      "Properties": {
        "EventSourceArn": {
          "Fn::GetAtt": [
            "bigqueryacquisitionspublisherQueue3F783231",
            "Arn",
          ],
        },
        "FunctionName": {
          "Ref": "bigqueryacquisitionspublisherLambdaD7F059E6",
        },
      },
      "Type": "AWS::Lambda::EventSourceMapping",
    },
    "bigqueryacquisitionspublisherQueue3F783231": {
      "DeletionPolicy": "Delete",
      "Properties": {
        "QueueName": "bigquery-acquisitions-publisher-queue-PROD",
        "Tags": [
          {
            "Key": "gu:cdk:version",
            "Value": "TEST",
          },
          {
            "Key": "gu:repo",
            "Value": "guardian/support-frontend",
          },
          {
            "Key": "Stack",
            "Value": "support",
          },
          {
            "Key": "Stage",
            "Value": "PROD",
          },
        ],
        "VisibilityTimeout": 120,
      },
      "Type": "AWS::SQS::Queue",
      "UpdateReplacePolicy": "Delete",
    },
    "bigqueryacquisitionspublisherQueuePolicy28887A75": {
      "Properties": {
        "PolicyDocument": {
          "Statement": [
            {
              "Action": [
                "sqs:SendMessage",
                "sqs:GetQueueAttributes",
                "sqs:GetQueueUrl",
              ],
              "Condition": {
                "ArnEquals": {
                  "aws:SourceArn": {
                    "Fn::GetAtt": [
                      "EventBusToSQSRule72D08395",
                      "Arn",
                    ],
                  },
                },
              },
              "Effect": "Allow",
              "Principal": {
                "Service": "events.amazonaws.com",
              },
              "Resource": {
                "Fn::GetAtt": [
                  "bigqueryacquisitionspublisherQueue3F783231",
                  "Arn",
                ],
              },
            },
          ],
          "Version": "2012-10-17",
        },
        "Queues": [
          {
            "Ref": "bigqueryacquisitionspublisherQueue3F783231",
          },
        ],
      },
      "Type": "AWS::SQS::QueuePolicy",
    },
    "bigquerytos3role8B775EB2": {
      "Properties": {
        "AssumeRolePolicyDocument": {
          "Statement": [
            {
              "Action": "sts:AssumeRole",
              "Effect": "Allow",
              "Principal": {
                "Service": "lambda.amazonaws.com",
              },
            },
          ],
          "Version": "2012-10-17",
        },
        "RoleName": "bq-acq-PROD",
        "Tags": [
          {
            "Key": "gu:cdk:version",
            "Value": "TEST",
          },
          {
            "Key": "gu:repo",
            "Value": "guardian/support-frontend",
          },
          {
            "Key": "Stack",
            "Value": "support",
          },
          {
            "Key": "Stage",
            "Value": "PROD",
          },
        ],
      },
      "Type": "AWS::IAM::Role",
    },
    "bigquerytos3roleDefaultPolicy0D20CB1A": {
      "Properties": {
        "PolicyDocument": {
          "Statement": [
            {
              "Action": [
                "logs:CreateLogGroup",
                "logs:CreateLogStream",
                "logs:PutLogEvents",
              ],
              "Effect": "Allow",
              "Resource": "*",
            },
            {
              "Action": "ssm:GetParameter",
              "Effect": "Allow",
              "Resource": {
                "Fn::Join": [
                  "",
                  [
                    "arn:aws:ssm:",
                    {
                      "Ref": "AWS::Region",
                    },
                    ":",
                    {
                      "Ref": "AWS::AccountId",
                    },
                    ":parameter/bigquery-acquisitions-publisher/PROD/gcp-wif-credentials-config",
                  ],
                ],
              },
            },
            {
              "Action": [
                "sqs:ReceiveMessage",
                "sqs:ChangeMessageVisibility",
                "sqs:GetQueueUrl",
                "sqs:DeleteMessage",
                "sqs:GetQueueAttributes",
              ],
              "Effect": "Allow",
              "Resource": {
                "Fn::GetAtt": [
                  "bigqueryacquisitionspublisherQueue3F783231",
                  "Arn",
                ],
              },
            },
            {
              "Action": [
                "s3:GetObject*",
                "s3:GetBucket*",
                "s3:List*",
              ],
              "Effect": "Allow",
              "Resource": [
                {
                  "Fn::Join": [
                    "",
                    [
                      "arn:",
                      {
                        "Ref": "AWS::Partition",
                      },
                      ":s3:::",
                      {
                        "Ref": "DistributionBucketName",
                      },
                    ],
                  ],
                },
                {
                  "Fn::Join": [
                    "",
                    [
                      "arn:",
                      {
                        "Ref": "AWS::Partition",
                      },
                      ":s3:::",
                      {
                        "Ref": "DistributionBucketName",
                      },
                      "/support/PROD/bigquery-acquisitions-publisher/bigquery-acquisitions-publisher.jar",
                    ],
                  ],
                },
              ],
            },
            {
              "Action": "ssm:GetParametersByPath",
              "Effect": "Allow",
              "Resource": {
                "Fn::Join": [
                  "",
                  [
                    "arn:aws:ssm:",
                    {
                      "Ref": "AWS::Region",
                    },
                    ":",
                    {
                      "Ref": "AWS::AccountId",
                    },
                    ":parameter/PROD/support/bigquery-acquisitions-publisher",
                  ],
                ],
              },
            },
            {
              "Action": [
                "ssm:GetParameters",
                "ssm:GetParameter",
              ],
              "Effect": "Allow",
              "Resource": {
                "Fn::Join": [
                  "",
                  [
                    "arn:aws:ssm:",
                    {
                      "Ref": "AWS::Region",
                    },
                    ":",
                    {
                      "Ref": "AWS::AccountId",
                    },
                    ":parameter/PROD/support/bigquery-acquisitions-publisher/*",
                  ],
                ],
              },
            },
          ],
          "Version": "2012-10-17",
        },
        "PolicyName": "bigquerytos3roleDefaultPolicy0D20CB1A",
        "Roles": [
          {
            "Ref": "bigquerytos3role8B775EB2",
          },
        ],
      },
      "Type": "AWS::IAM::Policy",
    },
  },
}
`;
