// Jest Snapshot v1, https://goo.gl/fbAQLP

exports[`The BigqueryAcquisitionsPublisher stack matches the snapshot 1`] = `
{
  "Metadata": {
    "gu:cdk:constructs": [
      "GuDistributionBucketParameter",
      "GuLambdaFunction",
    ],
    "gu:cdk:version": "TEST",
  },
  "Parameters": {
    "DistributionBucketName": {
      "Default": "/account/services/artifact.bucket",
      "Description": "SSM parameter containing the S3 bucket name holding distribution artifacts",
      "Type": "AWS::SSM::Parameter::Value<String>",
    },
  },
  "Resources": {
    "bigqueryacquisitionspublisherLambdaD7F059E6": {
      "DependsOn": [
        "bigqueryacquisitionspublisherLambdaServiceRoleDefaultPolicy1C7997C3",
        "bigqueryacquisitionspublisherLambdaServiceRole7C9A373D",
      ],
      "Properties": {
        "Code": {
          "S3Bucket": {
            "Ref": "DistributionBucketName",
          },
          "S3Key": "support/PROD/bigquery-acquisitions-publisher/bigquery-acquisitions-publisher.jar",
        },
        "Environment": {
          "Variables": {
            "APP": "bigquery-acquisitions-publisher",
            "STACK": "support",
            "STAGE": "PROD",
          },
        },
        "FunctionName": "bigquery-acquisitions-publisher-PROD",
        "Handler": "com.gu.bigqueryAcquisitionsPublisher.Lambda::handler",
        "MemorySize": 1024,
        "Role": {
          "Fn::GetAtt": [
            "bigqueryacquisitionspublisherLambdaServiceRole7C9A373D",
            "Arn",
          ],
        },
        "Runtime": "java11",
        "Tags": [
          {
            "Key": "App",
            "Value": "bigquery-acquisitions-publisher",
          },
          {
            "Key": "gu:cdk:version",
            "Value": "TEST",
          },
          {
            "Key": "gu:repo",
            "Value": "guardian/support-frontend",
          },
          {
            "Key": "Stack",
            "Value": "support",
          },
          {
            "Key": "Stage",
            "Value": "PROD",
          },
        ],
        "Timeout": 30,
      },
      "Type": "AWS::Lambda::Function",
    },
    "bigqueryacquisitionspublisherLambdaServiceRole7C9A373D": {
      "Properties": {
        "AssumeRolePolicyDocument": {
          "Statement": [
            {
              "Action": "sts:AssumeRole",
              "Effect": "Allow",
              "Principal": {
                "Service": "lambda.amazonaws.com",
              },
            },
          ],
          "Version": "2012-10-17",
        },
        "ManagedPolicyArns": [
          {
            "Fn::Join": [
              "",
              [
                "arn:",
                {
                  "Ref": "AWS::Partition",
                },
                ":iam::aws:policy/service-role/AWSLambdaBasicExecutionRole",
              ],
            ],
          },
        ],
        "Tags": [
          {
            "Key": "App",
            "Value": "bigquery-acquisitions-publisher",
          },
          {
            "Key": "gu:cdk:version",
            "Value": "TEST",
          },
          {
            "Key": "gu:repo",
            "Value": "guardian/support-frontend",
          },
          {
            "Key": "Stack",
            "Value": "support",
          },
          {
            "Key": "Stage",
            "Value": "PROD",
          },
        ],
      },
      "Type": "AWS::IAM::Role",
    },
    "bigqueryacquisitionspublisherLambdaServiceRoleDefaultPolicy1C7997C3": {
      "Properties": {
        "PolicyDocument": {
          "Statement": [
            {
              "Action": [
                "sqs:ReceiveMessage",
                "sqs:ChangeMessageVisibility",
                "sqs:GetQueueUrl",
                "sqs:DeleteMessage",
                "sqs:GetQueueAttributes",
              ],
              "Effect": "Allow",
              "Resource": {
                "Fn::GetAtt": [
                  "bigqueryacquisitionspublisherQueue3F783231",
                  "Arn",
                ],
              },
            },
            {
              "Action": [
                "s3:GetObject*",
                "s3:GetBucket*",
                "s3:List*",
              ],
              "Effect": "Allow",
              "Resource": [
                {
                  "Fn::Join": [
                    "",
                    [
                      "arn:",
                      {
                        "Ref": "AWS::Partition",
                      },
                      ":s3:::",
                      {
                        "Ref": "DistributionBucketName",
                      },
                    ],
                  ],
                },
                {
                  "Fn::Join": [
                    "",
                    [
                      "arn:",
                      {
                        "Ref": "AWS::Partition",
                      },
                      ":s3:::",
                      {
                        "Ref": "DistributionBucketName",
                      },
                      "/support/PROD/bigquery-acquisitions-publisher/bigquery-acquisitions-publisher.jar",
                    ],
                  ],
                },
              ],
            },
            {
              "Action": "ssm:GetParametersByPath",
              "Effect": "Allow",
              "Resource": {
                "Fn::Join": [
                  "",
                  [
                    "arn:aws:ssm:",
                    {
                      "Ref": "AWS::Region",
                    },
                    ":",
                    {
                      "Ref": "AWS::AccountId",
                    },
                    ":parameter/PROD/support/bigquery-acquisitions-publisher",
                  ],
                ],
              },
            },
            {
              "Action": [
                "ssm:GetParameters",
                "ssm:GetParameter",
              ],
              "Effect": "Allow",
              "Resource": {
                "Fn::Join": [
                  "",
                  [
                    "arn:aws:ssm:",
                    {
                      "Ref": "AWS::Region",
                    },
                    ":",
                    {
                      "Ref": "AWS::AccountId",
                    },
                    ":parameter/PROD/support/bigquery-acquisitions-publisher/*",
                  ],
                ],
              },
            },
          ],
          "Version": "2012-10-17",
        },
        "PolicyName": "bigqueryacquisitionspublisherLambdaServiceRoleDefaultPolicy1C7997C3",
        "Roles": [
          {
            "Ref": "bigqueryacquisitionspublisherLambdaServiceRole7C9A373D",
          },
        ],
      },
      "Type": "AWS::IAM::Policy",
    },
    "bigqueryacquisitionspublisherLambdaSqsEventSourceBigqueryAcquisitionsPublisherPRODbigqueryacquisitionspublisherQueue4510DFFB25270BDD": {
      "Properties": {
        "EventSourceArn": {
          "Fn::GetAtt": [
            "bigqueryacquisitionspublisherQueue3F783231",
            "Arn",
          ],
        },
        "FunctionName": {
          "Ref": "bigqueryacquisitionspublisherLambdaD7F059E6",
        },
      },
      "Type": "AWS::Lambda::EventSourceMapping",
    },
    "bigqueryacquisitionspublisherQueue3F783231": {
      "DeletionPolicy": "Delete",
      "Properties": {
        "QueueName": "bigquery-acquisitions-publisher-queue-PROD",
        "Tags": [
          {
            "Key": "gu:cdk:version",
            "Value": "TEST",
          },
          {
            "Key": "gu:repo",
            "Value": "guardian/support-frontend",
          },
          {
            "Key": "Stack",
            "Value": "support",
          },
          {
            "Key": "Stage",
            "Value": "PROD",
          },
        ],
      },
      "Type": "AWS::SQS::Queue",
      "UpdateReplacePolicy": "Delete",
    },
  },
}
`;
