// Jest Snapshot v1, https://goo.gl/fbAQLP

exports[`The Frontend stack matches the snapshot 1`] = `
Object {
  "Outputs": Object {
    "LoadBalancerFrontendDnsName": Object {
      "Description": "DNS entry for LoadBalancerFrontend",
      "Value": Object {
        "Fn::GetAtt": Array [
          "LoadBalancerFrontendD42F8E66",
          "DNSName",
        ],
      },
    },
  },
  "Parameters": Object {
    "AMIFrontend": Object {
      "Description": "Amazon Machine Image ID for the app frontend. Use this in conjunction with AMIgo to keep AMIs up to date.",
      "Type": "AWS::EC2::Image::Id",
    },
    "DistributionBucketName": Object {
      "Default": "/account/services/artifact.bucket",
      "Description": "SSM parameter containing the S3 bucket name holding distribution artifacts",
      "Type": "AWS::SSM::Parameter::Value<String>",
    },
    "LoggingStreamName": Object {
      "Default": "/account/services/logging.stream.name",
      "Description": "SSM parameter containing the Name (not ARN) on the kinesis stream",
      "Type": "AWS::SSM::Parameter::Value<String>",
    },
    "VpcId": Object {
      "Default": "/account/vpc/primary/id",
      "Description": "Virtual Private Cloud to run EC2 instances within. Should NOT be the account default VPC.",
      "Type": "AWS::SSM::Parameter::Value<AWS::EC2::VPC::Id>",
    },
    "frontendPrivateSubnets": Object {
      "Default": "/account/vpc/primary/subnets/private",
      "Description": "A list of private subnets",
      "Type": "AWS::SSM::Parameter::Value<List<AWS::EC2::Subnet::Id>>",
    },
    "frontendPublicSubnets": Object {
      "Default": "/account/vpc/primary/subnets/public",
      "Description": "A list of public subnets",
      "Type": "AWS::SSM::Parameter::Value<List<AWS::EC2::Subnet::Id>>",
    },
  },
  "Resources": Object {
    "AutoScalingGroupFrontendASG567FDA1B": Object {
      "Properties": Object {
        "HealthCheckGracePeriod": 120,
        "HealthCheckType": "ELB",
        "LaunchConfigurationName": Object {
          "Ref": "AutoScalingGroupFrontendLaunchConfig038C27B1",
        },
        "MaxSize": "6",
        "MinSize": "3",
        "Tags": Array [
          Object {
            "Key": "App",
            "PropagateAtLaunch": true,
            "Value": "frontend",
          },
          Object {
            "Key": "gu:cdk:pattern-name",
            "PropagateAtLaunch": true,
            "Value": "GuEc2App",
          },
          Object {
            "Key": "gu:cdk:version",
            "PropagateAtLaunch": true,
            "Value": "TEST",
          },
          Object {
            "Key": "gu:repo",
            "PropagateAtLaunch": true,
            "Value": "guardian/support-frontend",
          },
          Object {
            "Key": "Name",
            "PropagateAtLaunch": true,
            "Value": "Frontend-PROD/AutoScalingGroupFrontend",
          },
          Object {
            "Key": "Stack",
            "PropagateAtLaunch": true,
            "Value": "support",
          },
          Object {
            "Key": "Stage",
            "PropagateAtLaunch": true,
            "Value": "PROD",
          },
        ],
        "TargetGroupARNs": Array [
          Object {
            "Ref": "TargetGroupFrontendBE464F1D",
          },
        ],
        "VPCZoneIdentifier": Object {
          "Ref": "frontendPrivateSubnets",
        },
      },
      "Type": "AWS::AutoScaling::AutoScalingGroup",
    },
    "AutoScalingGroupFrontendInstanceProfileB9C04B01": Object {
      "Properties": Object {
        "Roles": Array [
          Object {
            "Ref": "InstanceRoleFrontend9A970131",
          },
        ],
      },
      "Type": "AWS::IAM::InstanceProfile",
    },
    "AutoScalingGroupFrontendLaunchConfig038C27B1": Object {
      "DependsOn": Array [
        "InstanceRoleFrontend9A970131",
      ],
      "Properties": Object {
        "IamInstanceProfile": Object {
          "Ref": "AutoScalingGroupFrontendInstanceProfileB9C04B01",
        },
        "ImageId": Object {
          "Ref": "AMIFrontend",
        },
        "InstanceType": "t4g.small",
        "SecurityGroups": Array [
          Object {
            "Fn::GetAtt": Array [
              "GuHttpsEgressSecurityGroupFrontend71EF7DC2",
              "GroupId",
            ],
          },
          Object {
            "Fn::GetAtt": Array [
              "WazuhSecurityGroup",
              "GroupId",
            ],
          },
        ],
        "UserData": Object {
          "Fn::Base64": Object {
            "Fn::Join": Array [
              "",
              Array [
                "#!/bin/bash -ev
    mkdir /etc/gu
    aws --region ",
                Object {
                  "Ref": "AWS::Region",
                },
                " s3 cp s3://membership-dist/support/PROD/frontend/support-frontend_1.0-SNAPSHOT_all.deb /tmp
    dpkg -i /tmp/support-frontend_1.0-SNAPSHOT_all.deb
    /opt/cloudwatch-logs/configure-logs application support PROD frontend /var/log/support-frontend/application.log '%Y-%m-%dT%H:%M:%S,%f%z'",
              ],
            ],
          },
        },
      },
      "Type": "AWS::AutoScaling::LaunchConfiguration",
    },
    "CatalogLoadingFailureAlarmD11891D9": Object {
      "Properties": Object {
        "ActionsEnabled": true,
        "AlarmActions": Array [
          Object {
            "Fn::Join": Array [
              "",
              Array [
                "arn:aws:sns:",
                Object {
                  "Ref": "AWS::Region",
                },
                ":",
                Object {
                  "Ref": "AWS::AccountId",
                },
                ":reader-revenue-dev",
              ],
            ],
          },
        ],
        "AlarmDescription": "Impact - Cannot sell any subscriptions products. Follow the process in https://docs.google.com/document/d/1_3El3cly9d7u_jPgTcRjLxmdG2e919zCLvmcFCLOYAk/edit",
        "AlarmName": "URGENT 9-5 - PROD support-frontend could not load the Zuora catalog from S3",
        "ComparisonOperator": "GreaterThanOrEqualToThreshold",
        "Dimensions": Array [
          Object {
            "Name": "Environment",
            "Value": "PROD",
          },
        ],
        "EvaluationPeriods": 1,
        "MetricName": "CatalogLoadingFailure",
        "Namespace": "support-frontend",
        "Period": 60,
        "Statistic": "Average",
        "Threshold": 1,
      },
      "Type": "AWS::CloudWatch::Alarm",
    },
    "CertificateFrontendF1E5575F": Object {
      "DeletionPolicy": "Retain",
      "Properties": Object {
        "DomainName": "support.theguardian.com.origin.membership.guardianapis.com",
        "DomainValidationOptions": Array [
          Object {
            "DomainName": "support.theguardian.com.origin.membership.guardianapis.com",
            "HostedZoneId": "Z1E4V12LQGXFEC",
          },
        ],
        "Tags": Array [
          Object {
            "Key": "App",
            "Value": "frontend",
          },
          Object {
            "Key": "gu:cdk:version",
            "Value": "TEST",
          },
          Object {
            "Key": "gu:repo",
            "Value": "guardian/support-frontend",
          },
          Object {
            "Key": "Stack",
            "Value": "support",
          },
          Object {
            "Key": "Stage",
            "Value": "PROD",
          },
        ],
        "ValidationMethod": "DNS",
      },
      "Type": "AWS::CertificateManager::Certificate",
      "UpdateReplacePolicy": "Retain",
    },
    "CloudwatchMetricsC6F65856": Object {
      "Properties": Object {
        "PolicyDocument": Object {
          "Statement": Array [
            Object {
              "Action": Array [
                "logs:CreateLogGroup",
                "logs:CreateLogStream",
                "logs:PutLogEvents",
                "logs:DescribeLogStreams",
              ],
              "Effect": "Allow",
              "Resource": "arn:aws:logs:*:*:*",
            },
          ],
          "Version": "2012-10-17",
        },
        "PolicyName": "CloudwatchMetricsC6F65856",
        "Roles": Array [
          Object {
            "Ref": "InstanceRoleFrontend9A970131",
          },
        ],
      },
      "Type": "AWS::IAM::Policy",
    },
    "DescribeEC2PolicyFF5F9295": Object {
      "Properties": Object {
        "PolicyDocument": Object {
          "Statement": Array [
            Object {
              "Action": Array [
                "autoscaling:DescribeAutoScalingInstances",
                "autoscaling:DescribeAutoScalingGroups",
                "ec2:DescribeTags",
                "ec2:DescribeInstances",
              ],
              "Effect": "Allow",
              "Resource": "*",
            },
          ],
          "Version": "2012-10-17",
        },
        "PolicyName": "describe-ec2-policy",
        "Roles": Array [
          Object {
            "Ref": "InstanceRoleFrontend9A970131",
          },
        ],
      },
      "Type": "AWS::IAM::Policy",
    },
    "DynamoPromotions4DBD3844": Object {
      "Properties": Object {
        "PolicyDocument": Object {
          "Statement": Array [
            Object {
              "Action": Array [
                "dynamodb:GetItem",
                "dynamodb:Scan",
                "dynamodb:Query",
                "dynamodb:DescribeTable",
              ],
              "Effect": "Allow",
              "Resource": Array [
                "arn:aws:dynamodb:*:*:table/MembershipSub-Promotions-PROD",
                "arn:aws:dynamodb:*:*:table/MembershipSub-Promotions-UAT",
              ],
            },
          ],
          "Version": "2012-10-17",
        },
        "PolicyName": "DynamoPromotions4DBD3844",
        "Roles": Array [
          Object {
            "Ref": "InstanceRoleFrontend9A970131",
          },
        ],
      },
      "Type": "AWS::IAM::Policy",
    },
    "DynamoRedemptions7E1D478A": Object {
      "Properties": Object {
        "PolicyDocument": Object {
          "Statement": Array [
            Object {
              "Action": "dynamodb:GetItem",
              "Effect": "Allow",
              "Resource": Array [
                "arn:aws:dynamodb:*:*:table/redemption-codes-PROD",
                "arn:aws:dynamodb:*:*:table/redemption-codes-UAT",
              ],
            },
          ],
          "Version": "2012-10-17",
        },
        "PolicyName": "DynamoRedemptions7E1D478A",
        "Roles": Array [
          Object {
            "Ref": "InstanceRoleFrontend9A970131",
          },
        ],
      },
      "Type": "AWS::IAM::Policy",
    },
    "GetDistributablePolicyFrontendA36D2A61": Object {
      "Properties": Object {
        "PolicyDocument": Object {
          "Statement": Array [
            Object {
              "Action": "s3:GetObject",
              "Effect": "Allow",
              "Resource": Object {
                "Fn::Join": Array [
                  "",
                  Array [
                    "arn:aws:s3:::",
                    Object {
                      "Ref": "DistributionBucketName",
                    },
                    "/support/PROD/frontend/*",
                  ],
                ],
              },
            },
          ],
          "Version": "2012-10-17",
        },
        "PolicyName": "GetDistributablePolicyFrontendA36D2A61",
        "Roles": Array [
          Object {
            "Ref": "InstanceRoleFrontend9A970131",
          },
        ],
      },
      "Type": "AWS::IAM::Policy",
    },
    "GuHttpsEgressSecurityGroupFrontend71EF7DC2": Object {
      "Properties": Object {
        "GroupDescription": "Allow all outbound HTTPS traffic",
        "SecurityGroupEgress": Array [
          Object {
            "CidrIp": "0.0.0.0/0",
            "Description": "Allow all outbound HTTPS traffic",
            "FromPort": 443,
            "IpProtocol": "tcp",
            "ToPort": 443,
          },
        ],
        "Tags": Array [
          Object {
            "Key": "App",
            "Value": "frontend",
          },
          Object {
            "Key": "gu:cdk:version",
            "Value": "TEST",
          },
          Object {
            "Key": "gu:repo",
            "Value": "guardian/support-frontend",
          },
          Object {
            "Key": "Stack",
            "Value": "support",
          },
          Object {
            "Key": "Stage",
            "Value": "PROD",
          },
        ],
        "VpcId": Object {
          "Ref": "VpcId",
        },
      },
      "Type": "AWS::EC2::SecurityGroup",
    },
    "GuHttpsEgressSecurityGroupFrontendfromFrontendPRODLoadBalancerFrontendSecurityGroup76ED83889000CE3BBBF3": Object {
      "Properties": Object {
        "Description": "Load balancer to target",
        "FromPort": 9000,
        "GroupId": Object {
          "Fn::GetAtt": Array [
            "GuHttpsEgressSecurityGroupFrontend71EF7DC2",
            "GroupId",
          ],
        },
        "IpProtocol": "tcp",
        "SourceSecurityGroupId": Object {
          "Fn::GetAtt": Array [
            "LoadBalancerFrontendSecurityGroup3E7708CD",
            "GroupId",
          ],
        },
        "ToPort": 9000,
      },
      "Type": "AWS::EC2::SecurityGroupIngress",
    },
    "GuLogShippingPolicy981BFE5A": Object {
      "Properties": Object {
        "PolicyDocument": Object {
          "Statement": Array [
            Object {
              "Action": Array [
                "kinesis:Describe*",
                "kinesis:Put*",
              ],
              "Effect": "Allow",
              "Resource": Object {
                "Fn::Join": Array [
                  "",
                  Array [
                    "arn:aws:kinesis:",
                    Object {
                      "Ref": "AWS::Region",
                    },
                    ":",
                    Object {
                      "Ref": "AWS::AccountId",
                    },
                    ":stream/",
                    Object {
                      "Ref": "LoggingStreamName",
                    },
                  ],
                ],
              },
            },
          ],
          "Version": "2012-10-17",
        },
        "PolicyName": "GuLogShippingPolicy981BFE5A",
        "Roles": Array [
          Object {
            "Ref": "InstanceRoleFrontend9A970131",
          },
        ],
      },
      "Type": "AWS::IAM::Policy",
    },
    "GuPutCloudwatchMetricsPolicyC5BCE402": Object {
      "Properties": Object {
        "PolicyDocument": Object {
          "Statement": Array [
            Object {
              "Action": "cloudwatch:PutMetricData",
              "Effect": "Allow",
              "Resource": "*",
            },
          ],
          "Version": "2012-10-17",
        },
        "PolicyName": "GuPutCloudwatchMetricsPolicyC5BCE402",
        "Roles": Array [
          Object {
            "Ref": "InstanceRoleFrontend9A970131",
          },
        ],
      },
      "Type": "AWS::IAM::Policy",
    },
    "High5XXRateAlarmA4E3FB07": Object {
      "Properties": Object {
        "ActionsEnabled": true,
        "AlarmActions": Array [
          Object {
            "Fn::Join": Array [
              "",
              Array [
                "arn:aws:sns:",
                Object {
                  "Ref": "AWS::Region",
                },
                ":",
                Object {
                  "Ref": "AWS::AccountId",
                },
                ":reader-revenue-dev",
              ],
            ],
          },
        ],
        "AlarmDescription": "Impact - Some or all actions on support website are failing. Follow the process in https://docs.google.com/document/d/1_3El3cly9d7u_jPgTcRjLxmdG2e919zCLvmcFCLOYAk/edit",
        "AlarmName": "URGENT 9-5 - PROD support-frontend instances are returning 5XX errors",
        "ComparisonOperator": "GreaterThanOrEqualToThreshold",
        "Dimensions": Array [
          Object {
            "Name": "LoadBalancer",
            "Value": Object {
              "Fn::GetAtt": Array [
                "LoadBalancerFrontendD42F8E66",
                "LoadBalancerFullName",
              ],
            },
          },
          Object {
            "Name": "TargetGroup",
            "Value": Object {
              "Fn::GetAtt": Array [
                "TargetGroupFrontendBE464F1D",
                "TargetGroupFullName",
              ],
            },
          },
        ],
        "EvaluationPeriods": 2,
        "MetricName": "HTTPCode_Target_5XX_Count",
        "Namespace": "AWS/ApplicationELB",
        "Period": 60,
        "Statistic": "Sum",
        "Threshold": 3,
      },
      "Type": "AWS::CloudWatch::Alarm",
    },
    "HighELB5XXRateAlarm9AF3E69E": Object {
      "Properties": Object {
        "ActionsEnabled": true,
        "AlarmActions": Array [
          Object {
            "Fn::Join": Array [
              "",
              Array [
                "arn:aws:sns:",
                Object {
                  "Ref": "AWS::Region",
                },
                ":",
                Object {
                  "Ref": "AWS::AccountId",
                },
                ":reader-revenue-dev",
              ],
            ],
          },
        ],
        "AlarmDescription": "Impact - Some or all actions on support website are failing. Follow the process in https://docs.google.com/document/d/1_3El3cly9d7u_jPgTcRjLxmdG2e919zCLvmcFCLOYAk/edit",
        "AlarmName": "URGENT 9-5 - PROD support-frontend ELB is returning 5XX errors",
        "ComparisonOperator": "GreaterThanOrEqualToThreshold",
        "Dimensions": Array [
          Object {
            "Name": "LoadBalancer",
            "Value": Object {
              "Fn::GetAtt": Array [
                "LoadBalancerFrontendD42F8E66",
                "LoadBalancerFullName",
              ],
            },
          },
        ],
        "EvaluationPeriods": 2,
        "MetricName": "HTTPCode_ELB_5XX_Count",
        "Namespace": "AWS/ApplicationELB",
        "Period": 60,
        "Statistic": "Sum",
        "Threshold": 3,
      },
      "Type": "AWS::CloudWatch::Alarm",
    },
    "InstanceRoleFrontend9A970131": Object {
      "Properties": Object {
        "AssumeRolePolicyDocument": Object {
          "Statement": Array [
            Object {
              "Action": "sts:AssumeRole",
              "Effect": "Allow",
              "Principal": Object {
                "Service": Object {
                  "Fn::Join": Array [
                    "",
                    Array [
                      "ec2.",
                      Object {
                        "Ref": "AWS::URLSuffix",
                      },
                    ],
                  ],
                },
              },
            },
          ],
          "Version": "2012-10-17",
        },
        "Path": "/",
        "Tags": Array [
          Object {
            "Key": "App",
            "Value": "frontend",
          },
          Object {
            "Key": "gu:cdk:version",
            "Value": "TEST",
          },
          Object {
            "Key": "gu:repo",
            "Value": "guardian/support-frontend",
          },
          Object {
            "Key": "Stack",
            "Value": "support",
          },
          Object {
            "Key": "Stage",
            "Value": "PROD",
          },
        ],
      },
      "Type": "AWS::IAM::Role",
    },
    "LatencyNotificationAlarmBF39AEFA": Object {
      "Properties": Object {
        "ActionsEnabled": true,
        "AlarmActions": Array [
          Object {
            "Fn::Join": Array [
              "",
              Array [
                "arn:aws:sns:",
                Object {
                  "Ref": "AWS::Region",
                },
                ":",
                Object {
                  "Ref": "AWS::AccountId",
                },
                ":reader-revenue-dev",
              ],
            ],
          },
        ],
        "AlarmDescription": "Impact - support-frontend users are seeing slow responses. Follow the process in https://docs.google.com/document/d/1_3El3cly9d7u_jPgTcRjLxmdG2e919zCLvmcFCLOYAk/edit",
        "AlarmName": "URGENT 9-5 - PROD support-frontend has high latency",
        "ComparisonOperator": "GreaterThanOrEqualToThreshold",
        "Dimensions": Array [
          Object {
            "Name": "LoadBalancer",
            "Value": Object {
              "Fn::GetAtt": Array [
                "LoadBalancerFrontendD42F8E66",
                "LoadBalancerFullName",
              ],
            },
          },
          Object {
            "Name": "TargetGroup",
            "Value": Object {
              "Fn::GetAtt": Array [
                "TargetGroupFrontendBE464F1D",
                "TargetGroupFullName",
              ],
            },
          },
        ],
        "EvaluationPeriods": 2,
        "MetricName": "TargetResponseTime",
        "Namespace": "AWS/ApplicationELB",
        "Period": 60,
        "Statistic": "Average",
        "Threshold": 1,
      },
      "Type": "AWS::CloudWatch::Alarm",
    },
    "ListenerFrontend190D01D2": Object {
      "Properties": Object {
        "Certificates": Array [
          Object {
            "CertificateArn": Object {
              "Ref": "CertificateFrontendF1E5575F",
            },
          },
        ],
        "DefaultActions": Array [
          Object {
            "TargetGroupArn": Object {
              "Ref": "TargetGroupFrontendBE464F1D",
            },
            "Type": "forward",
          },
        ],
        "LoadBalancerArn": Object {
          "Ref": "LoadBalancerFrontendD42F8E66",
        },
        "Port": 443,
        "Protocol": "HTTPS",
      },
      "Type": "AWS::ElasticLoadBalancingV2::Listener",
    },
    "LoadBalancerFrontendD42F8E66": Object {
      "Properties": Object {
        "LoadBalancerAttributes": Array [
          Object {
            "Key": "deletion_protection.enabled",
            "Value": "true",
          },
        ],
        "Scheme": "internet-facing",
        "SecurityGroups": Array [
          Object {
            "Fn::GetAtt": Array [
              "LoadBalancerFrontendSecurityGroup3E7708CD",
              "GroupId",
            ],
          },
        ],
        "Subnets": Object {
          "Ref": "frontendPublicSubnets",
        },
        "Tags": Array [
          Object {
            "Key": "App",
            "Value": "frontend",
          },
          Object {
            "Key": "gu:cdk:version",
            "Value": "TEST",
          },
          Object {
            "Key": "gu:repo",
            "Value": "guardian/support-frontend",
          },
          Object {
            "Key": "Stack",
            "Value": "support",
          },
          Object {
            "Key": "Stage",
            "Value": "PROD",
          },
        ],
        "Type": "application",
      },
      "Type": "AWS::ElasticLoadBalancingV2::LoadBalancer",
    },
    "LoadBalancerFrontendSecurityGroup3E7708CD": Object {
      "Properties": Object {
        "GroupDescription": "Automatically created Security Group for ELB FrontendPRODLoadBalancerFrontend13B3B84D",
        "SecurityGroupIngress": Array [
          Object {
            "CidrIp": "0.0.0.0/0",
            "Description": "Allow from anyone on port 443",
            "FromPort": 443,
            "IpProtocol": "tcp",
            "ToPort": 443,
          },
        ],
        "Tags": Array [
          Object {
            "Key": "App",
            "Value": "frontend",
          },
          Object {
            "Key": "gu:cdk:version",
            "Value": "TEST",
          },
          Object {
            "Key": "gu:repo",
            "Value": "guardian/support-frontend",
          },
          Object {
            "Key": "Stack",
            "Value": "support",
          },
          Object {
            "Key": "Stage",
            "Value": "PROD",
          },
        ],
        "VpcId": Object {
          "Ref": "VpcId",
        },
      },
      "Type": "AWS::EC2::SecurityGroup",
    },
    "LoadBalancerFrontendSecurityGrouptoFrontendPRODGuHttpsEgressSecurityGroupFrontend9549B0099000AA39C127": Object {
      "Properties": Object {
        "Description": "Load balancer to target",
        "DestinationSecurityGroupId": Object {
          "Fn::GetAtt": Array [
            "GuHttpsEgressSecurityGroupFrontend71EF7DC2",
            "GroupId",
          ],
        },
        "FromPort": 9000,
        "GroupId": Object {
          "Fn::GetAtt": Array [
            "LoadBalancerFrontendSecurityGroup3E7708CD",
            "GroupId",
          ],
        },
        "IpProtocol": "tcp",
        "ToPort": 9000,
      },
      "Type": "AWS::EC2::SecurityGroupEgress",
    },
    "NoHealthyInstancesAlarm4A3DBA9E": Object {
      "Properties": Object {
        "ActionsEnabled": true,
        "AlarmActions": Array [
          Object {
            "Fn::Join": Array [
              "",
              Array [
                "arn:aws:sns:",
                Object {
                  "Ref": "AWS::Region",
                },
                ":",
                Object {
                  "Ref": "AWS::AccountId",
                },
                ":reader-revenue-dev",
              ],
            ],
          },
        ],
        "AlarmDescription": "Impact - Cannot sell any subscriptions or contributions products. Follow the process in https://docs.google.com/document/d/1_3El3cly9d7u_jPgTcRjLxmdG2e919zCLvmcFCLOYAk/edit",
        "AlarmName": "URGENT 9-5 - PROD no healthy instances for support-frontend",
        "ComparisonOperator": "LessThanOrEqualToThreshold",
        "Dimensions": Array [
          Object {
            "Name": "LoadBalancer",
            "Value": Object {
              "Fn::GetAtt": Array [
                "LoadBalancerFrontendD42F8E66",
                "LoadBalancerFullName",
              ],
            },
          },
          Object {
            "Name": "TargetGroup",
            "Value": Object {
              "Fn::GetAtt": Array [
                "TargetGroupFrontendBE464F1D",
                "TargetGroupFullName",
              ],
            },
          },
        ],
        "EvaluationPeriods": 2,
        "MetricName": "HealthyHostCount",
        "Namespace": "AWS/ApplicationELB",
        "Period": 60,
        "Statistic": "Average",
        "Threshold": 0.5,
      },
      "Type": "AWS::CloudWatch::Alarm",
    },
    "ParameterStoreReadFrontendD7F424C6": Object {
      "Properties": Object {
        "PolicyDocument": Object {
          "Statement": Array [
            Object {
              "Action": "ssm:GetParametersByPath",
              "Effect": "Allow",
              "Resource": Object {
                "Fn::Join": Array [
                  "",
                  Array [
                    "arn:aws:ssm:",
                    Object {
                      "Ref": "AWS::Region",
                    },
                    ":",
                    Object {
                      "Ref": "AWS::AccountId",
                    },
                    ":parameter/PROD/support/frontend",
                  ],
                ],
              },
            },
            Object {
              "Action": Array [
                "ssm:GetParameters",
                "ssm:GetParameter",
              ],
              "Effect": "Allow",
              "Resource": Object {
                "Fn::Join": Array [
                  "",
                  Array [
                    "arn:aws:ssm:",
                    Object {
                      "Ref": "AWS::Region",
                    },
                    ":",
                    Object {
                      "Ref": "AWS::AccountId",
                    },
                    ":parameter/PROD/support/frontend/*",
                  ],
                ],
              },
            },
          ],
          "Version": "2012-10-17",
        },
        "PolicyName": "parameter-store-read-policy",
        "Roles": Array [
          Object {
            "Ref": "InstanceRoleFrontend9A970131",
          },
        ],
      },
      "Type": "AWS::IAM::Policy",
    },
    "PrivateBucket35D9C6C6": Object {
      "Properties": Object {
        "PolicyDocument": Object {
          "Statement": Array [
            Object {
              "Action": "s3:GetObject",
              "Effect": "Allow",
              "Resource": Array [
                "arn:aws:s3:::gu-zuora-catalog/PROD/Zuora-PROD/catalog.json",
                "arn:aws:s3:::gu-zuora-catalog/PROD/Zuora-UAT/catalog.json",
                "arn:aws:s3:::gu-zuora-catalog/PROD/Zuora-DEV/catalog.json",
              ],
            },
          ],
          "Version": "2012-10-17",
        },
        "PolicyName": "PrivateBucket35D9C6C6",
        "Roles": Array [
          Object {
            "Ref": "InstanceRoleFrontend9A970131",
          },
        ],
      },
      "Type": "AWS::IAM::Policy",
    },
    "ReducedHealthyInstancesAlarmD9B227CB": Object {
      "Properties": Object {
        "ActionsEnabled": true,
        "AlarmActions": Array [
          Object {
            "Fn::Join": Array [
              "",
              Array [
                "arn:aws:sns:",
                Object {
                  "Ref": "AWS::Region",
                },
                ":",
                Object {
                  "Ref": "AWS::AccountId",
                },
                ":reader-revenue-dev",
              ],
            ],
          },
        ],
        "AlarmDescription": "Impact - Imminent issue cannot sell any subscriptions or contributions products. Follow the process in https://docs.google.com/document/d/1_3El3cly9d7u_jPgTcRjLxmdG2e919zCLvmcFCLOYAk/edit",
        "AlarmName": "URGENT 9-5 - PROD reduced number healthy instances for support-frontend",
        "ComparisonOperator": "LessThanOrEqualToThreshold",
        "Dimensions": Array [
          Object {
            "Name": "LoadBalancer",
            "Value": Object {
              "Fn::GetAtt": Array [
                "LoadBalancerFrontendD42F8E66",
                "LoadBalancerFullName",
              ],
            },
          },
          Object {
            "Name": "TargetGroup",
            "Value": Object {
              "Fn::GetAtt": Array [
                "TargetGroupFrontendBE464F1D",
                "TargetGroupFullName",
              ],
            },
          },
        ],
        "EvaluationPeriods": 2,
        "MetricName": "HealthyHostCount",
        "Namespace": "AWS/ApplicationELB",
        "Period": 300,
        "Statistic": "Average",
        "Threshold": 2,
      },
      "Type": "AWS::CloudWatch::Alarm",
    },
    "SSMGetF4C837D5": Object {
      "Properties": Object {
        "PolicyDocument": Object {
          "Statement": Array [
            Object {
              "Action": "ssm:GetParametersByPath",
              "Effect": "Allow",
              "Resource": Object {
                "Fn::Join": Array [
                  "",
                  Array [
                    "arn:aws:ssm:",
                    Object {
                      "Ref": "AWS::Region",
                    },
                    ":",
                    Object {
                      "Ref": "AWS::AccountId",
                    },
                    ":parameter/support/frontend/PROD",
                  ],
                ],
              },
            },
          ],
          "Version": "2012-10-17",
        },
        "PolicyName": "SSMGetF4C837D5",
        "Roles": Array [
          Object {
            "Ref": "InstanceRoleFrontend9A970131",
          },
        ],
      },
      "Type": "AWS::IAM::Policy",
    },
    "SSMRunCommandPolicy244E1613": Object {
      "Properties": Object {
        "PolicyDocument": Object {
          "Statement": Array [
            Object {
              "Action": Array [
                "ec2messages:AcknowledgeMessage",
                "ec2messages:DeleteMessage",
                "ec2messages:FailMessage",
                "ec2messages:GetEndpoint",
                "ec2messages:GetMessages",
                "ec2messages:SendReply",
                "ssm:UpdateInstanceInformation",
                "ssm:ListInstanceAssociations",
                "ssm:DescribeInstanceProperties",
                "ssm:DescribeDocumentParameters",
                "ssmmessages:CreateControlChannel",
                "ssmmessages:CreateDataChannel",
                "ssmmessages:OpenControlChannel",
                "ssmmessages:OpenDataChannel",
              ],
              "Effect": "Allow",
              "Resource": "*",
            },
          ],
          "Version": "2012-10-17",
        },
        "PolicyName": "ssm-run-command-policy",
        "Roles": Array [
          Object {
            "Ref": "InstanceRoleFrontend9A970131",
          },
        ],
      },
      "Type": "AWS::IAM::Policy",
    },
    "ServerSideCreateFailureAlarm3FA2BA71": Object {
      "Properties": Object {
        "ActionsEnabled": true,
        "AlarmActions": Array [
          Object {
            "Fn::Join": Array [
              "",
              Array [
                "arn:aws:sns:",
                Object {
                  "Ref": "AWS::Region",
                },
                ":",
                Object {
                  "Ref": "AWS::AccountId",
                },
                ":reader-revenue-dev",
              ],
            ],
          },
        ],
        "AlarmDescription": "Impact - Someone pressed buy on a recurring product but received an error. Follow the process in https://docs.google.com/document/d/1_3El3cly9d7u_jPgTcRjLxmdG2e919zCLvmcFCLOYAk/edit",
        "AlarmName": "URGENT 9-5 - PROD support-frontend create recurring product call failed",
        "ComparisonOperator": "GreaterThanOrEqualToThreshold",
        "Dimensions": Array [
          Object {
            "Name": "Stage",
            "Value": "PROD",
          },
        ],
        "EvaluationPeriods": 1,
        "MetricName": "ServerSideCreateFailure",
        "Namespace": "support-frontend",
        "Period": 60,
        "Statistic": "Sum",
        "Threshold": 1,
        "TreatMissingData": "notBreaching",
      },
      "Type": "AWS::CloudWatch::Alarm",
    },
    "SettingsBucket420EA4B0": Object {
      "Properties": Object {
        "PolicyDocument": Object {
          "Statement": Array [
            Object {
              "Action": "s3:GetObject",
              "Effect": "Allow",
              "Resource": "arn:aws:s3:::support-admin-console/PROD/*",
            },
          ],
          "Version": "2012-10-17",
        },
        "PolicyName": "SettingsBucket420EA4B0",
        "Roles": Array [
          Object {
            "Ref": "InstanceRoleFrontend9A970131",
          },
        ],
      },
      "Type": "AWS::IAM::Policy",
    },
    "StateMachineUnavailableAlarm43BA4A0D": Object {
      "Properties": Object {
        "ActionsEnabled": true,
        "AlarmActions": Array [
          Object {
            "Fn::Join": Array [
              "",
              Array [
                "arn:aws:sns:",
                Object {
                  "Ref": "AWS::Region",
                },
                ":",
                Object {
                  "Ref": "AWS::AccountId",
                },
                ":reader-revenue-dev",
              ],
            ],
          },
        ],
        "AlarmDescription": "Impact - Cannot sell any subscriptions products. Follow the process in https://docs.google.com/document/d/1_3El3cly9d7u_jPgTcRjLxmdG2e919zCLvmcFCLOYAk/edit",
        "AlarmName": "URGENT 9-5 - PROD support-workers state machine unavailable",
        "ComparisonOperator": "GreaterThanOrEqualToThreshold",
        "EvaluationPeriods": 2,
        "MetricName": "state-machine-unavailable",
        "Namespace": "support-frontend-PROD",
        "Period": 60,
        "Statistic": "Sum",
        "Threshold": 1,
        "TreatMissingData": "notBreaching",
      },
      "Type": "AWS::CloudWatch::Alarm",
    },
    "StateMachineUnavailableMetricFilter0A74A04F": Object {
      "Properties": Object {
        "FilterPattern": "\\"regular-contributions-state-machine-unavailable\\"",
        "LogGroupName": "support-frontend-PROD",
        "MetricTransformations": Array [
          Object {
            "MetricName": "state-machine-unavailable",
            "MetricNamespace": "support-frontend-PROD",
            "MetricValue": "1",
          },
        ],
      },
      "Type": "AWS::Logs::MetricFilter",
    },
    "StateMachinesB7FF33B0": Object {
      "Properties": Object {
        "PolicyDocument": Object {
          "Statement": Array [
            Object {
              "Action": Array [
                "states:ListStateMachines",
                "states:StartExecution",
                "states:GetExecutionHistory",
                "states:DescribeStateMachine",
              ],
              "Effect": "Allow",
              "Resource": "arn:aws:states:*:*:*",
            },
          ],
          "Version": "2012-10-17",
        },
        "PolicyName": "StateMachinesB7FF33B0",
        "Roles": Array [
          Object {
            "Ref": "InstanceRoleFrontend9A970131",
          },
        ],
      },
      "Type": "AWS::IAM::Policy",
    },
    "StripeSetupIntentLambdaB064A7A2": Object {
      "Properties": Object {
        "PolicyDocument": Object {
          "Statement": Array [
            Object {
              "Action": "lambda:InvokeFunction",
              "Effect": "Allow",
              "Resource": Object {
                "Fn::Join": Array [
                  "",
                  Array [
                    "arn:aws:lambda:eu-west-1:",
                    Object {
                      "Ref": "AWS::AccountId",
                    },
                    ":function:stripe-intent-PROD",
                  ],
                ],
              },
            },
          ],
          "Version": "2012-10-17",
        },
        "PolicyName": "StripeSetupIntentLambdaB064A7A2",
        "Roles": Array [
          Object {
            "Ref": "InstanceRoleFrontend9A970131",
          },
        ],
      },
      "Type": "AWS::IAM::Policy",
    },
    "TargetGroupFrontendBE464F1D": Object {
      "Properties": Object {
        "HealthCheckIntervalSeconds": 10,
        "HealthCheckPath": "/healthcheck",
        "HealthCheckProtocol": "HTTP",
        "HealthCheckTimeoutSeconds": 5,
        "HealthyThresholdCount": 5,
        "Port": 9000,
        "Protocol": "HTTP",
        "Tags": Array [
          Object {
            "Key": "App",
            "Value": "frontend",
          },
          Object {
            "Key": "gu:cdk:version",
            "Value": "TEST",
          },
          Object {
            "Key": "gu:repo",
            "Value": "guardian/support-frontend",
          },
          Object {
            "Key": "Stack",
            "Value": "support",
          },
          Object {
            "Key": "Stage",
            "Value": "PROD",
          },
        ],
        "TargetGroupAttributes": Array [
          Object {
            "Key": "deregistration_delay.timeout_seconds",
            "Value": "30",
          },
          Object {
            "Key": "stickiness.enabled",
            "Value": "false",
          },
        ],
        "TargetType": "instance",
        "UnhealthyThresholdCount": 2,
        "VpcId": Object {
          "Ref": "VpcId",
        },
      },
      "Type": "AWS::ElasticLoadBalancingV2::TargetGroup",
    },
    "WazuhSecurityGroup": Object {
      "Properties": Object {
        "GroupDescription": "Allow outbound traffic from wazuh agent to manager",
        "SecurityGroupEgress": Array [
          Object {
            "CidrIp": "0.0.0.0/0",
            "Description": "Wazuh event logging",
            "FromPort": 1514,
            "IpProtocol": "tcp",
            "ToPort": 1514,
          },
          Object {
            "CidrIp": "0.0.0.0/0",
            "Description": "Wazuh agent registration",
            "FromPort": 1515,
            "IpProtocol": "tcp",
            "ToPort": 1515,
          },
        ],
        "Tags": Array [
          Object {
            "Key": "gu:cdk:version",
            "Value": "TEST",
          },
          Object {
            "Key": "gu:repo",
            "Value": "guardian/support-frontend",
          },
          Object {
            "Key": "Stack",
            "Value": "support",
          },
          Object {
            "Key": "Stage",
            "Value": "PROD",
          },
        ],
        "VpcId": Object {
          "Ref": "VpcId",
        },
      },
      "Type": "AWS::EC2::SecurityGroup",
    },
  },
}
`;
