// Jest Snapshot v1, https://goo.gl/fbAQLP

exports[`The Frontend stack matches the snapshot 1`] = `
Object {
  "AWSTemplateFormatVersion": "2010-09-09",
  "Conditions": Object {
    "CreateCodeResources": Object {
      "Fn::Equals": Array [
        Object {
          "Ref": "Stage",
        },
        "CODE",
      ],
    },
    "CreateProdResources": Object {
      "Fn::Equals": Array [
        Object {
          "Ref": "Stage",
        },
        "PROD",
      ],
    },
  },
  "Description": "support-frontend",
  "Mappings": Object {
    "Constants": Object {
      "Alarm": Object {
        "Process": "Follow the process in https://docs.google.com/document/d/1_3El3cly9d7u_jPgTcRjLxmdG2e919zCLvmcFCLOYAk/edit",
        "Urgent": "URGENT 9-5 -",
      },
    },
    "StageVariables": Object {
      "CODE": Object {
        "CertificateARN": "arn:aws:acm:eu-west-1:865473395570:certificate/44e9f40c-c884-40e6-a171-6769e9a8b173",
        "DynamoDBTables": Array [
          "arn:aws:dynamodb:*:*:table/MembershipSub-Promotions-DEV",
          "arn:aws:dynamodb:*:*:table/MembershipSub-Promotions-UAT",
        ],
        "InstanceType": "t4g.small",
        "MaxInstances": 2,
        "MinInstances": 1,
        "RedemptionTables": Array [
          "arn:aws:dynamodb:*:*:table/redemption-codes-DEV",
          "arn:aws:dynamodb:*:*:table/redemption-codes-UAT",
        ],
      },
      "PROD": Object {
        "CertificateARN": "arn:aws:acm:eu-west-1:865473395570:certificate/9d8ff96c-63d5-425b-88d1-f529770e5b6d",
        "DynamoDBTables": Array [
          "arn:aws:dynamodb:*:*:table/MembershipSub-Promotions-PROD",
          "arn:aws:dynamodb:*:*:table/MembershipSub-Promotions-UAT",
        ],
        "InstanceType": "t4g.small",
        "InsufficientInstances": 2,
        "MaxInstances": 6,
        "MinInstances": 3,
        "RedemptionTables": Array [
          "arn:aws:dynamodb:*:*:table/redemption-codes-UAT",
          "arn:aws:dynamodb:*:*:table/redemption-codes-PROD",
        ],
      },
    },
  },
  "Parameters": Object {
    "AMI": Object {
      "Default": "ami-0eb88168",
      "Description": "AMI ID (may be replaced by RiffRaff for latest baked AMI)",
      "Type": "String",
    },
    "App": Object {
      "Default": "frontend",
      "Description": "Applied directly as a tag",
      "Type": "String",
    },
    "BastionSecurityGroup": Object {
      "Description": "Bastion's security group for SSH",
      "Type": "String",
    },
    "CfnVpcId": Object {
      "Default": "vpc-e6e00183",
      "Description": "VpcId of your existing Virtual Private Cloud (VPC)",
      "Type": "String",
    },
    "PrivateVpcSubnets": Object {
      "Description": "Private subnets to use for EC2 instances",
      "Type": "List<AWS::EC2::Subnet::Id>",
    },
    "PublicVpcSubnets": Object {
      "Description": "Public subnets to use for the ELB",
      "Type": "List<AWS::EC2::Subnet::Id>",
    },
    "Stack": Object {
      "Description": "Applied directly as a tag",
      "Type": "String",
    },
    "Stage": Object {
      "AllowedValues": Array [
        "CODE",
        "PROD",
      ],
      "Default": "CODE",
      "Description": "Stage name",
      "Type": "String",
    },
  },
  "Resources": Object {
    "AppRole": Object {
      "Properties": Object {
        "AssumeRolePolicyDocument": Object {
          "Statement": Array [
            Object {
              "Action": Array [
                "sts:AssumeRole",
              ],
              "Effect": "Allow",
              "Principal": Object {
                "Service": Array [
                  "ec2.amazonaws.com",
                ],
              },
            },
          ],
        },
        "ManagedPolicyArns": Array [
          Object {
            "Fn::Sub": "arn:aws:iam::\${AWS::AccountId}:policy/guardian-ec2-role-for-ssm",
          },
        ],
        "Path": "/",
        "Policies": Array [
          Object {
            "PolicyDocument": Object {
              "Statement": Array [
                Object {
                  "Action": "s3:GetObject",
                  "Effect": "Allow",
                  "Resource": Array [
                    Object {
                      "Fn::Sub": "arn:aws:s3:::gu-zuora-catalog/PROD/Zuora-PROD/catalog.json",
                    },
                    Object {
                      "Fn::Sub": "arn:aws:s3:::gu-zuora-catalog/PROD/Zuora-UAT/catalog.json",
                    },
                    Object {
                      "Fn::Sub": "arn:aws:s3:::gu-zuora-catalog/PROD/Zuora-DEV/catalog.json",
                    },
                  ],
                },
              ],
              "Version": "2012-10-17",
            },
            "PolicyName": "PrivateBucket",
          },
          Object {
            "PolicyDocument": Object {
              "Statement": Array [
                Object {
                  "Action": "s3:GetObject",
                  "Effect": "Allow",
                  "Resource": Array [
                    Object {
                      "Fn::Sub": Array [
                        "arn:aws:s3:::support-admin-console/\${Stage}/*",
                        Object {
                          "Stage": Object {
                            "Ref": "Stage",
                          },
                        },
                      ],
                    },
                  ],
                },
              ],
              "Version": "2012-10-17",
            },
            "PolicyName": "SettingsBucket",
          },
          Object {
            "PolicyDocument": Object {
              "Statement": Array [
                Object {
                  "Action": Array [
                    "ssm:UpdateInstanceInformation",
                    "ssmmessages:CreateControlChannel",
                    "ssmmessages:CreateDataChannel",
                    "ssmmessages:OpenControlChannel",
                    "ssmmessages:OpenDataChannel",
                  ],
                  "Effect": "Allow",
                  "Resource": "*",
                },
              ],
              "Version": "2012-10-17",
            },
            "PolicyName": "SSMTunnel",
          },
          Object {
            "PolicyDocument": Object {
              "Statement": Array [
                Object {
                  "Action": "ssm:GetParametersByPath",
                  "Effect": "Allow",
                  "Resource": Object {
                    "Fn::Sub": Array [
                      "arn:aws:ssm:\${AWS::Region}:\${AWS::AccountId}:parameter/\${Stack}/\${App}/\${Stage}",
                      Object {
                        "Stage": Object {
                          "Ref": "Stage",
                        },
                      },
                    ],
                  },
                },
              ],
              "Version": "2012-10-17",
            },
            "PolicyName": "SSMGet",
          },
          Object {
            "PolicyDocument": Object {
              "Statement": Array [
                Object {
                  "Action": Array [
                    "autoscaling:DescribeAutoScalingInstances",
                    "autoscaling:DescribeAutoScalingGroups",
                    "ec2:DescribeTags",
                  ],
                  "Effect": "Allow",
                  "Resource": "*",
                },
              ],
              "Version": "2012-10-17",
            },
            "PolicyName": "DescribeASG",
          },
          Object {
            "PolicyDocument": Object {
              "Statement": Array [
                Object {
                  "Action": "cloudwatch:PutMetricData",
                  "Effect": "Allow",
                  "Resource": "*",
                },
              ],
              "Version": "2012-10-17",
            },
            "PolicyName": "CloudwatchLogs",
          },
          Object {
            "PolicyDocument": Object {
              "Statement": Array [
                Object {
                  "Action": Array [
                    "logs:CreateLogGroup",
                    "logs:CreateLogStream",
                    "logs:PutLogEvents",
                    "logs:DescribeLogStreams",
                  ],
                  "Effect": "Allow",
                  "Resource": "arn:aws:logs:*:*:*",
                },
              ],
              "Version": "2012-10-17",
            },
            "PolicyName": "CloudwatchMetrics",
          },
          Object {
            "PolicyDocument": Object {
              "Statement": Array [
                Object {
                  "Action": Array [
                    "states:ListStateMachines",
                    "states:StartExecution",
                    "states:GetExecutionHistory",
                    "states:DescribeStateMachine",
                  ],
                  "Effect": "Allow",
                  "Resource": "arn:aws:states:*:*:*",
                },
              ],
              "Version": "2012-10-17",
            },
            "PolicyName": "StateMachines",
          },
          Object {
            "PolicyDocument": Object {
              "Statement": Array [
                Object {
                  "Action": Array [
                    "dynamodb:GetItem",
                    "dynamodb:Scan",
                    "dynamodb:Query",
                    "dynamodb:DescribeTable",
                  ],
                  "Effect": "Allow",
                  "Resource": Object {
                    "Fn::FindInMap": Array [
                      "StageVariables",
                      Object {
                        "Ref": "Stage",
                      },
                      "DynamoDBTables",
                    ],
                  },
                },
              ],
            },
            "PolicyName": "DynamoPromotions",
          },
          Object {
            "PolicyDocument": Object {
              "Statement": Array [
                Object {
                  "Action": Array [
                    "dynamodb:GetItem",
                  ],
                  "Effect": "Allow",
                  "Resource": Object {
                    "Fn::FindInMap": Array [
                      "StageVariables",
                      Object {
                        "Ref": "Stage",
                      },
                      "RedemptionTables",
                    ],
                  },
                },
              ],
            },
            "PolicyName": "DynamoRedemptions",
          },
          Object {
            "PolicyDocument": Object {
              "Statement": Array [
                Object {
                  "Action": Array [
                    "lambda:InvokeFunction",
                  ],
                  "Effect": "Allow",
                  "Resource": Object {
                    "Fn::Sub": Array [
                      "arn:aws:lambda:eu-west-1:\${AWS::AccountId}:function:stripe-intent-\${Stage}",
                      Object {
                        "Stage": Object {
                          "Ref": "Stage",
                        },
                      },
                    ],
                  },
                },
              ],
              "Version": "2012-10-17",
            },
            "PolicyName": "StripeSetupIntentLambda",
          },
          Object {
            "PolicyDocument": Object {
              "Statement": Object {
                "Action": "s3:GetObject",
                "Effect": "Allow",
                "Resource": Array [
                  "arn:aws:s3::*:membership-dist/*",
                ],
              },
            },
            "PolicyName": "s3Deploy",
          },
        ],
        "Tags": Array [
          Object {
            "Key": "gu:cdk:version",
            "Value": "TEST",
          },
          Object {
            "Key": "gu:repo",
            "Value": "guardian/support-frontend",
          },
          Object {
            "Key": "Stack",
            "Value": "support",
          },
          Object {
            "Key": "Stage",
            "Value": Object {
              "Ref": "Stage",
            },
          },
        ],
      },
      "Type": "AWS::IAM::Role",
    },
    "AutoScalingGroup": Object {
      "Properties": Object {
        "HealthCheckGracePeriod": 300,
        "HealthCheckType": "ELB",
        "LaunchConfigurationName": Object {
          "Ref": "LaunchConfig",
        },
        "MaxSize": Object {
          "Fn::FindInMap": Array [
            "StageVariables",
            Object {
              "Ref": "Stage",
            },
            "MaxInstances",
          ],
        },
        "MinSize": Object {
          "Fn::FindInMap": Array [
            "StageVariables",
            Object {
              "Ref": "Stage",
            },
            "MinInstances",
          ],
        },
        "Tags": Array [
          Object {
            "Key": "App",
            "PropagateAtLaunch": true,
            "Value": Object {
              "Ref": "App",
            },
          },
          Object {
            "Key": "gu:cdk:version",
            "PropagateAtLaunch": true,
            "Value": "TEST",
          },
          Object {
            "Key": "gu:repo",
            "PropagateAtLaunch": true,
            "Value": "guardian/support-frontend",
          },
          Object {
            "Key": "Name",
            "PropagateAtLaunch": true,
            "Value": Object {
              "Fn::Join": Array [
                "-",
                Array [
                  Object {
                    "Ref": "Stack",
                  },
                  Object {
                    "Ref": "Stage",
                  },
                  Object {
                    "Ref": "App",
                  },
                ],
              ],
            },
          },
          Object {
            "Key": "Stack",
            "PropagateAtLaunch": true,
            "Value": "support",
          },
          Object {
            "Key": "Stage",
            "PropagateAtLaunch": true,
            "Value": Object {
              "Ref": "Stage",
            },
          },
        ],
        "TargetGroupARNs": Array [
          Object {
            "Ref": "TargetGroup",
          },
        ],
        "VPCZoneIdentifier": Object {
          "Ref": "PrivateVpcSubnets",
        },
      },
      "Type": "AWS::AutoScaling::AutoScalingGroup",
    },
    "CatalogLoadingFailureAlarm": Object {
      "Condition": "CreateProdResources",
      "Properties": Object {
        "AlarmActions": Array [
          Object {
            "Fn::Sub": "arn:aws:sns:\${AWS::Region}:\${AWS::AccountId}:reader-revenue-dev",
          },
        ],
        "AlarmDescription": Object {
          "Fn::Join": Array [
            " ",
            Array [
              "Impact - Cannot sell any subscriptions products.",
              Object {
                "Fn::FindInMap": Array [
                  "Constants",
                  "Alarm",
                  "Process",
                ],
              },
            ],
          ],
        },
        "AlarmName": Object {
          "Fn::Join": Array [
            " ",
            Array [
              Object {
                "Fn::FindInMap": Array [
                  "Constants",
                  "Alarm",
                  "Urgent",
                ],
              },
              Object {
                "Ref": "Stage",
              },
              "support-frontend could not load the Zuora catalog from S3",
            ],
          ],
        },
        "ComparisonOperator": "GreaterThanOrEqualToThreshold",
        "Dimensions": Array [
          Object {
            "Name": "Environment",
            "Value": "PROD",
          },
        ],
        "EvaluationPeriods": 1,
        "MetricName": "CatalogLoadingFailure",
        "Namespace": "support-frontend",
        "Period": 60,
        "Statistic": "Average",
        "Threshold": 1,
      },
      "Type": "AWS::CloudWatch::Alarm",
    },
    "ElasticLoadBalancer": Object {
      "Properties": Object {
        "Name": Object {
          "Fn::Sub": Array [
            "\${Stack}-\${Stage}-\${App}",
            Object {
              "Stage": Object {
                "Ref": "Stage",
              },
            },
          ],
        },
        "SecurityGroups": Array [
          Object {
            "Ref": "LoadBalancerSecurityGroup",
          },
        ],
        "Subnets": Object {
          "Ref": "PublicVpcSubnets",
        },
        "Tags": Array [
          Object {
            "Key": "App",
            "Value": Object {
              "Ref": "App",
            },
          },
          Object {
            "Key": "gu:cdk:version",
            "Value": "TEST",
          },
          Object {
            "Key": "gu:repo",
            "Value": "guardian/support-frontend",
          },
          Object {
            "Key": "Stack",
            "Value": "support",
          },
          Object {
            "Key": "Stage",
            "Value": Object {
              "Ref": "Stage",
            },
          },
        ],
      },
      "Type": "AWS::ElasticLoadBalancingV2::LoadBalancer",
    },
    "High5XXRateAlarm": Object {
      "Condition": "CreateProdResources",
      "DependsOn": Array [
        "ElasticLoadBalancer",
        "TargetGroup",
      ],
      "Properties": Object {
        "AlarmActions": Array [
          Object {
            "Fn::Sub": "arn:aws:sns:\${AWS::Region}:\${AWS::AccountId}:reader-revenue-dev",
          },
        ],
        "AlarmDescription": Object {
          "Fn::Join": Array [
            " ",
            Array [
              "Impact - Some or all actions on support website are failing.",
              Object {
                "Fn::FindInMap": Array [
                  "Constants",
                  "Alarm",
                  "Process",
                ],
              },
            ],
          ],
        },
        "AlarmName": Object {
          "Fn::Join": Array [
            " ",
            Array [
              Object {
                "Fn::FindInMap": Array [
                  "Constants",
                  "Alarm",
                  "Urgent",
                ],
              },
              Object {
                "Ref": "Stage",
              },
              "support-frontend instances are returning 5XX errors",
            ],
          ],
        },
        "ComparisonOperator": "GreaterThanOrEqualToThreshold",
        "Dimensions": Array [
          Object {
            "Name": "LoadBalancer",
            "Value": Object {
              "Fn::GetAtt": "ElasticLoadBalancer.LoadBalancerFullName",
            },
          },
          Object {
            "Name": "TargetGroup",
            "Value": Object {
              "Fn::GetAtt": "TargetGroup.TargetGroupFullName",
            },
          },
        ],
        "EvaluationPeriods": 2,
        "MetricName": "HTTPCode_Target_5XX_Count",
        "Namespace": "AWS/ApplicationELB",
        "Period": 60,
        "Statistic": "Sum",
        "Threshold": 3,
      },
      "Type": "AWS::CloudWatch::Alarm",
    },
    "HighELB5XXRateAlarm": Object {
      "Condition": "CreateProdResources",
      "DependsOn": Array [
        "ElasticLoadBalancer",
        "TargetGroup",
      ],
      "Properties": Object {
        "AlarmActions": Array [
          Object {
            "Fn::Sub": "arn:aws:sns:\${AWS::Region}:\${AWS::AccountId}:reader-revenue-dev",
          },
        ],
        "AlarmDescription": Object {
          "Fn::Join": Array [
            " ",
            Array [
              "Impact - Some or all actions on support website are failing.",
              Object {
                "Fn::FindInMap": Array [
                  "Constants",
                  "Alarm",
                  "Process",
                ],
              },
            ],
          ],
        },
        "AlarmName": Object {
          "Fn::Join": Array [
            " ",
            Array [
              Object {
                "Fn::FindInMap": Array [
                  "Constants",
                  "Alarm",
                  "Urgent",
                ],
              },
              Object {
                "Ref": "Stage",
              },
              "support-frontend ELB is returning 5XX errors",
            ],
          ],
        },
        "ComparisonOperator": "GreaterThanOrEqualToThreshold",
        "Dimensions": Array [
          Object {
            "Name": "LoadBalancer",
            "Value": Object {
              "Fn::GetAtt": "ElasticLoadBalancer.LoadBalancerFullName",
            },
          },
        ],
        "EvaluationPeriods": 2,
        "MetricName": "HTTPCode_ELB_5XX_Count",
        "Namespace": "AWS/ApplicationELB",
        "Period": 60,
        "Statistic": "Sum",
        "Threshold": 3,
      },
      "Type": "AWS::CloudWatch::Alarm",
    },
    "InstanceProfile": Object {
      "Properties": Object {
        "Path": "/",
        "Roles": Array [
          Object {
            "Ref": "AppRole",
          },
        ],
      },
      "Type": "AWS::IAM::InstanceProfile",
    },
    "InstanceSecurityGroup": Object {
      "Properties": Object {
        "GroupDescription": "Open up SSH access and enable HTTP access on the configured port",
        "SecurityGroupEgress": Array [
          Object {
            "CidrIp": "0.0.0.0/0",
            "FromPort": 443,
            "IpProtocol": "tcp",
            "ToPort": 443,
          },
        ],
        "SecurityGroupIngress": Array [
          Object {
            "FromPort": 22,
            "IpProtocol": "tcp",
            "SourceSecurityGroupId": Object {
              "Ref": "BastionSecurityGroup",
            },
            "ToPort": 22,
          },
          Object {
            "FromPort": 9000,
            "IpProtocol": "tcp",
            "SourceSecurityGroupId": Object {
              "Ref": "LoadBalancerSecurityGroup",
            },
            "ToPort": 9000,
          },
        ],
        "Tags": Array [
          Object {
            "Key": "gu:cdk:version",
            "Value": "TEST",
          },
          Object {
            "Key": "gu:repo",
            "Value": "guardian/support-frontend",
          },
          Object {
            "Key": "Stack",
            "Value": "support",
          },
          Object {
            "Key": "Stage",
            "Value": Object {
              "Ref": "Stage",
            },
          },
        ],
        "VpcId": Object {
          "Ref": "CfnVpcId",
        },
      },
      "Type": "AWS::EC2::SecurityGroup",
    },
    "LatencyNotificationAlarm": Object {
      "Condition": "CreateProdResources",
      "Properties": Object {
        "AlarmActions": Array [
          Object {
            "Fn::Sub": "arn:aws:sns:\${AWS::Region}:\${AWS::AccountId}:reader-revenue-dev",
          },
        ],
        "AlarmDescription": Object {
          "Fn::Join": Array [
            " ",
            Array [
              "Impact - support-frontend users are seeing slow responses.",
              Object {
                "Fn::FindInMap": Array [
                  "Constants",
                  "Alarm",
                  "Process",
                ],
              },
            ],
          ],
        },
        "AlarmName": Object {
          "Fn::Join": Array [
            " ",
            Array [
              Object {
                "Fn::FindInMap": Array [
                  "Constants",
                  "Alarm",
                  "Urgent",
                ],
              },
              Object {
                "Ref": "Stage",
              },
              "support-frontend has high latency",
            ],
          ],
        },
        "ComparisonOperator": "GreaterThanOrEqualToThreshold",
        "Dimensions": Array [
          Object {
            "Name": "LoadBalancer",
            "Value": Object {
              "Fn::GetAtt": "ElasticLoadBalancer.LoadBalancerFullName",
            },
          },
          Object {
            "Name": "TargetGroup",
            "Value": Object {
              "Fn::GetAtt": "TargetGroup.TargetGroupFullName",
            },
          },
        ],
        "EvaluationPeriods": 2,
        "MetricName": "TargetResponseTime",
        "Namespace": "AWS/ApplicationELB",
        "Period": 60,
        "Statistic": "Average",
        "Threshold": 1,
      },
      "Type": "AWS::CloudWatch::Alarm",
    },
    "LaunchConfig": Object {
      "Properties": Object {
        "AssociatePublicIpAddress": false,
        "IamInstanceProfile": Object {
          "Ref": "InstanceProfile",
        },
        "ImageId": Object {
          "Ref": "AMI",
        },
        "InstanceType": Object {
          "Fn::FindInMap": Array [
            "StageVariables",
            Object {
              "Ref": "Stage",
            },
            "InstanceType",
          ],
        },
        "SecurityGroups": Array [
          Object {
            "Ref": "InstanceSecurityGroup",
          },
          Object {
            "Ref": "NewWazuhSecurityGroup",
          },
        ],
        "UserData": Object {
          "Fn::Base64": Object {
            "Fn::Sub": Array [
              "#!/bin/bash -ev
mkdir /etc/gu
aws --region \${AWS::Region} s3 cp s3://membership-dist/\${Stack}/\${Stage}/\${App}/support-frontend_1.0-SNAPSHOT_all.deb /tmp
dpkg -i /tmp/support-frontend_1.0-SNAPSHOT_all.deb
/opt/cloudwatch-logs/configure-logs application \${Stack} \${Stage} \${App} /var/log/support-frontend/application.log '%Y-%m-%dT%H:%M:%S,%f%z'
",
              Object {
                "Stage": Object {
                  "Ref": "Stage",
                },
              },
            ],
          },
        },
      },
      "Type": "AWS::AutoScaling::LaunchConfiguration",
    },
    "LoadBalancerListener": Object {
      "Properties": Object {
        "Certificates": Array [
          Object {
            "CertificateArn": Object {
              "Fn::FindInMap": Array [
                "StageVariables",
                Object {
                  "Ref": "Stage",
                },
                "CertificateARN",
              ],
            },
          },
        ],
        "DefaultActions": Array [
          Object {
            "TargetGroupArn": Object {
              "Ref": "TargetGroup",
            },
            "Type": "forward",
          },
        ],
        "LoadBalancerArn": Object {
          "Ref": "ElasticLoadBalancer",
        },
        "Port": 443,
        "Protocol": "HTTPS",
      },
      "Type": "AWS::ElasticLoadBalancingV2::Listener",
    },
    "LoadBalancerSecurityGroup": Object {
      "Properties": Object {
        "GroupDescription": "Permit incoming HTTPS access on port 443, egress to port 9000",
        "SecurityGroupEgress": Array [
          Object {
            "CidrIp": "0.0.0.0/0",
            "FromPort": 9000,
            "IpProtocol": "tcp",
            "ToPort": 9000,
          },
        ],
        "SecurityGroupIngress": Array [
          Object {
            "CidrIp": "0.0.0.0/0",
            "FromPort": 443,
            "IpProtocol": "tcp",
            "ToPort": 443,
          },
        ],
        "Tags": Array [
          Object {
            "Key": "gu:cdk:version",
            "Value": "TEST",
          },
          Object {
            "Key": "gu:repo",
            "Value": "guardian/support-frontend",
          },
          Object {
            "Key": "Stack",
            "Value": "support",
          },
          Object {
            "Key": "Stage",
            "Value": Object {
              "Ref": "Stage",
            },
          },
        ],
        "VpcId": Object {
          "Ref": "CfnVpcId",
        },
      },
      "Type": "AWS::EC2::SecurityGroup",
    },
    "NewWazuhSecurityGroup": Object {
      "Properties": Object {
        "GroupDescription": "Allow outbound traffic from wazuh agent to manager",
        "SecurityGroupEgress": Array [
          Object {
            "CidrIp": "0.0.0.0/0",
            "FromPort": 1514,
            "IpProtocol": "tcp",
            "ToPort": 1515,
          },
        ],
        "Tags": Array [
          Object {
            "Key": "gu:cdk:version",
            "Value": "TEST",
          },
          Object {
            "Key": "gu:repo",
            "Value": "guardian/support-frontend",
          },
          Object {
            "Key": "Stack",
            "Value": "support",
          },
          Object {
            "Key": "Stage",
            "Value": Object {
              "Ref": "Stage",
            },
          },
        ],
        "VpcId": Object {
          "Ref": "CfnVpcId",
        },
      },
      "Type": "AWS::EC2::SecurityGroup",
    },
    "NoHealthyInstancesAlarm": Object {
      "Condition": "CreateProdResources",
      "DependsOn": Array [
        "ElasticLoadBalancer",
        "TargetGroup",
      ],
      "Properties": Object {
        "AlarmActions": Array [
          Object {
            "Fn::Sub": "arn:aws:sns:\${AWS::Region}:\${AWS::AccountId}:reader-revenue-dev",
          },
        ],
        "AlarmDescription": Object {
          "Fn::Join": Array [
            " ",
            Array [
              "Impact - Cannot sell any subscriptions or contributions products.",
              Object {
                "Fn::FindInMap": Array [
                  "Constants",
                  "Alarm",
                  "Process",
                ],
              },
            ],
          ],
        },
        "AlarmName": Object {
          "Fn::Join": Array [
            " ",
            Array [
              Object {
                "Fn::FindInMap": Array [
                  "Constants",
                  "Alarm",
                  "Urgent",
                ],
              },
              Object {
                "Ref": "Stage",
              },
              "no healthy instances for support-frontend",
            ],
          ],
        },
        "ComparisonOperator": "LessThanOrEqualToThreshold",
        "Dimensions": Array [
          Object {
            "Name": "LoadBalancer",
            "Value": Object {
              "Fn::GetAtt": "ElasticLoadBalancer.LoadBalancerFullName",
            },
          },
          Object {
            "Name": "TargetGroup",
            "Value": Object {
              "Fn::GetAtt": "TargetGroup.TargetGroupFullName",
            },
          },
        ],
        "EvaluationPeriods": 2,
        "MetricName": "HealthyHostCount",
        "Namespace": "AWS/ApplicationELB",
        "Period": 60,
        "Statistic": "Average",
        "Threshold": 0.5,
      },
      "Type": "AWS::CloudWatch::Alarm",
    },
    "ReducedHealthyInstancesAlarm": Object {
      "Condition": "CreateProdResources",
      "DependsOn": Array [
        "ElasticLoadBalancer",
        "TargetGroup",
      ],
      "Properties": Object {
        "AlarmActions": Array [
          Object {
            "Fn::Sub": "arn:aws:sns:\${AWS::Region}:\${AWS::AccountId}:reader-revenue-dev",
          },
        ],
        "AlarmDescription": Object {
          "Fn::Join": Array [
            " ",
            Array [
              "Impact - Imminent issue cannot sell any subscriptions or contributions products.",
              Object {
                "Fn::FindInMap": Array [
                  "Constants",
                  "Alarm",
                  "Process",
                ],
              },
            ],
          ],
        },
        "AlarmName": Object {
          "Fn::Join": Array [
            " ",
            Array [
              Object {
                "Fn::FindInMap": Array [
                  "Constants",
                  "Alarm",
                  "Urgent",
                ],
              },
              Object {
                "Ref": "Stage",
              },
              "Reduced number of healthy instances for support-frontend",
            ],
          ],
        },
        "ComparisonOperator": "LessThanOrEqualToThreshold",
        "Dimensions": Array [
          Object {
            "Name": "LoadBalancer",
            "Value": Object {
              "Fn::GetAtt": "ElasticLoadBalancer.LoadBalancerFullName",
            },
          },
          Object {
            "Name": "TargetGroup",
            "Value": Object {
              "Fn::GetAtt": "TargetGroup.TargetGroupFullName",
            },
          },
        ],
        "EvaluationPeriods": 2,
        "MetricName": "HealthyHostCount",
        "Namespace": "AWS/ApplicationELB",
        "Period": 300,
        "Statistic": "Average",
        "Threshold": Object {
          "Fn::FindInMap": Array [
            "StageVariables",
            Object {
              "Ref": "Stage",
            },
            "InsufficientInstances",
          ],
        },
      },
      "Type": "AWS::CloudWatch::Alarm",
    },
    "ServerSideCreateFailureAlarm": Object {
      "Condition": "CreateProdResources",
      "Properties": Object {
        "AlarmActions": Array [
          Object {
            "Fn::Sub": "arn:aws:sns:\${AWS::Region}:\${AWS::AccountId}:reader-revenue-dev",
          },
        ],
        "AlarmDescription": Object {
          "Fn::Join": Array [
            " ",
            Array [
              "Impact - Someone pressed buy on a recurring product but received an error.",
              Object {
                "Fn::FindInMap": Array [
                  "Constants",
                  "Alarm",
                  "Process",
                ],
              },
            ],
          ],
        },
        "AlarmName": Object {
          "Fn::Join": Array [
            " ",
            Array [
              Object {
                "Fn::FindInMap": Array [
                  "Constants",
                  "Alarm",
                  "Urgent",
                ],
              },
              Object {
                "Ref": "Stage",
              },
              "support-frontend create recurring product call failed",
            ],
          ],
        },
        "ComparisonOperator": "GreaterThanOrEqualToThreshold",
        "Dimensions": Array [
          Object {
            "Name": "Stage",
            "Value": "PROD",
          },
        ],
        "EvaluationPeriods": 1,
        "MetricName": "ServerSideCreateFailure",
        "Namespace": "support-frontend",
        "Period": 60,
        "Statistic": "Sum",
        "Threshold": 1,
        "TreatMissingData": "notBreaching",
      },
      "Type": "AWS::CloudWatch::Alarm",
    },
    "StateMachineUnavailableAlarm": Object {
      "Condition": "CreateProdResources",
      "DependsOn": Array [
        "StateMachineUnavailableMetric",
      ],
      "Properties": Object {
        "AlarmActions": Array [
          Object {
            "Fn::Sub": "arn:aws:sns:\${AWS::Region}:\${AWS::AccountId}:reader-revenue-dev",
          },
        ],
        "AlarmDescription": Object {
          "Fn::Join": Array [
            " ",
            Array [
              "Impact - Cannot sell any subscriptions or contributions products.",
              Object {
                "Fn::FindInMap": Array [
                  "Constants",
                  "Alarm",
                  "Process",
                ],
              },
            ],
          ],
        },
        "AlarmName": Object {
          "Fn::Join": Array [
            " ",
            Array [
              Object {
                "Fn::FindInMap": Array [
                  "Constants",
                  "Alarm",
                  "Urgent",
                ],
              },
              Object {
                "Ref": "Stage",
              },
              "support-workers state machine unavailable",
            ],
          ],
        },
        "ComparisonOperator": "GreaterThanOrEqualToThreshold",
        "EvaluationPeriods": 2,
        "MetricName": "state-machine-unavailable",
        "Namespace": Object {
          "Fn::Sub": Array [
            "support-frontend-\${Stage}",
            Object {
              "Stage": Object {
                "Ref": "Stage",
              },
            },
          ],
        },
        "Period": 60,
        "Statistic": "Sum",
        "Threshold": 1,
        "TreatMissingData": "notBreaching",
      },
      "Type": "AWS::CloudWatch::Alarm",
    },
    "StateMachineUnavailableMetric": Object {
      "Properties": Object {
        "FilterPattern": "\\"regular-contributions-state-machine-unavailable\\"",
        "LogGroupName": Object {
          "Fn::Sub": Array [
            "support-frontend-\${Stage}",
            Object {
              "Stage": Object {
                "Ref": "Stage",
              },
            },
          ],
        },
        "MetricTransformations": Array [
          Object {
            "MetricName": "state-machine-unavailable",
            "MetricNamespace": Object {
              "Fn::Sub": Array [
                "support-frontend-\${Stage}",
                Object {
                  "Stage": Object {
                    "Ref": "Stage",
                  },
                },
              ],
            },
            "MetricValue": "1",
          },
        ],
      },
      "Type": "AWS::Logs::MetricFilter",
    },
    "TargetGroup": Object {
      "DependsOn": Array [
        "ElasticLoadBalancer",
      ],
      "Properties": Object {
        "HealthCheckIntervalSeconds": 10,
        "HealthCheckPath": "/healthcheck",
        "HealthCheckPort": "9000",
        "HealthCheckProtocol": "HTTP",
        "HealthCheckTimeoutSeconds": 5,
        "HealthyThresholdCount": 2,
        "Name": Object {
          "Fn::Sub": Array [
            "\${Stack}-\${Stage}-\${App}",
            Object {
              "Stage": Object {
                "Ref": "Stage",
              },
            },
          ],
        },
        "Port": 9000,
        "Protocol": "HTTP",
        "Tags": Array [
          Object {
            "Key": "gu:cdk:version",
            "Value": "TEST",
          },
          Object {
            "Key": "gu:repo",
            "Value": "guardian/support-frontend",
          },
          Object {
            "Key": "Stack",
            "Value": "support",
          },
          Object {
            "Key": "Stage",
            "Value": Object {
              "Ref": "Stage",
            },
          },
        ],
        "TargetGroupAttributes": Array [
          Object {
            "Key": "deregistration_delay.timeout_seconds",
            "Value": "20",
          },
        ],
        "UnhealthyThresholdCount": 2,
        "VpcId": Object {
          "Ref": "CfnVpcId",
        },
      },
      "Type": "AWS::ElasticLoadBalancingV2::TargetGroup",
    },
  },
}
`;
