// Jest Snapshot v1, https://goo.gl/fbAQLP

exports[`IT Test Runner Docker stack matches the snapshot 1`] = `
{
  "Metadata": {
    "gu:cdk:constructs": [],
    "gu:cdk:version": "TEST",
  },
  "Resources": {
    "PnpmTestRunnerF37E55D4": {
      "DependsOn": [
        "PnpmTestRunnerServiceRoleB6B0154A",
      ],
      "Properties": {
        "Code": {
          "ImageUri": {
            "Fn::Join": [
              "",
              [
                {
                  "Ref": "AWS::AccountId",
                },
                ".dkr.ecr.",
                {
                  "Ref": "AWS::Region",
                },
                ".",
                {
                  "Ref": "AWS::URLSuffix",
                },
                "/aws-cdk/assets:2fa88b5708ed771427bffd3f5cb4e8ba062a9029a9348846651eff7aacf34c19",
              ],
            ],
          },
        },
        "Environment": {
          "Variables": {
            "STAGE": "PROD",
          },
        },
        "EphemeralStorage": {
          "Size": 10240,
        },
        "MemorySize": 4096,
        "PackageType": "Image",
        "Role": {
          "Fn::GetAtt": [
            "PnpmTestRunnerServiceRoleB6B0154A",
            "Arn",
          ],
        },
        "Tags": [
          {
            "Key": "gu:cdk:version",
            "Value": "TEST",
          },
          {
            "Key": "gu:repo",
            "Value": "guardian/support-frontend",
          },
          {
            "Key": "Stack",
            "Value": "support",
          },
          {
            "Key": "Stage",
            "Value": "PROD",
          },
        ],
        "Timeout": 900,
      },
      "Type": "AWS::Lambda::Function",
    },
    "PnpmTestRunnerServiceRoleB6B0154A": {
      "Properties": {
        "AssumeRolePolicyDocument": {
          "Statement": [
            {
              "Action": "sts:AssumeRole",
              "Effect": "Allow",
              "Principal": {
                "Service": "lambda.amazonaws.com",
              },
            },
          ],
          "Version": "2012-10-17",
        },
        "ManagedPolicyArns": [
          {
            "Fn::Join": [
              "",
              [
                "arn:",
                {
                  "Ref": "AWS::Partition",
                },
                ":iam::aws:policy/service-role/AWSLambdaBasicExecutionRole",
              ],
            ],
          },
        ],
        "Tags": [
          {
            "Key": "gu:cdk:version",
            "Value": "TEST",
          },
          {
            "Key": "gu:repo",
            "Value": "guardian/support-frontend",
          },
          {
            "Key": "Stack",
            "Value": "support",
          },
          {
            "Key": "Stage",
            "Value": "PROD",
          },
        ],
      },
      "Type": "AWS::IAM::Role",
    },
  },
}
`;
