// Jest Snapshot v1, https://goo.gl/fbAQLP

exports[`Summary Ts&Cs Snapshot comparison summaryTs&Cs for Contribution With ratePlanKey Annual (GBPCountries / GBP) renders correctly 1`] = `"We will attempt to take payment of £0, on the first day of March every year, from now until you cancel your payment. Payments may take up to 6 days to be recorded in your bank account. You can change how much you give or cancel your payment at any time."`;

exports[`Summary Ts&Cs Snapshot comparison summaryTs&Cs for Contribution With ratePlanKey Monthly (GBPCountries / GBP) renders correctly 1`] = `"We will attempt to take payment of £0, on the first day of every month, from now until you cancel your payment. Payments may take up to 6 days to be recorded in your bank account. You can change how much you give or cancel your payment at any time."`;

exports[`Summary Ts&Cs Snapshot comparison summaryTs&Cs for DigitalSubscription With ratePlanKey Annual (GBPCountries / GBP) renders correctly 1`] = `"The Digital plus subscription will auto-renew each year. You will be charged the subscription amount using your chosen payment method at each renewal, at the rate then in effect, unless you cancel."`;

exports[`Summary Ts&Cs Snapshot comparison summaryTs&Cs for DigitalSubscription With ratePlanKey Monthly (UnitedStates / USD) renders correctly 1`] = `"By clicking the Pay button below, you agree to enroll in your selected support plan and your payment method will be automatically charged the amount shown each month until you cancel. We will notify you if this amount changes. You may cancel at any time to avoid future charges in Manage My Account.Your enrollment is subject to and governed by the Guardian Terms and Conditions and Privacy Policy."`;

exports[`Summary Ts&Cs Snapshot comparison summaryTs&Cs for GuardianAdLite With ratePlanKey Annual (GBPCountries / GBP) renders correctly 1`] = `"The Guardian Ad-Lite subscription will auto-renew each year. You will be charged the subscription amount using your chosen payment method at each renewal, at the rate then in effect, unless you cancel."`;

exports[`Summary Ts&Cs Snapshot comparison summaryTs&Cs for GuardianAdLite With ratePlanKey Monthly (GBPCountries / GBP) renders correctly 1`] = `"The Guardian Ad-Lite subscription will auto-renew each month. You will be charged the subscription amount using your chosen payment method at each renewal, at the rate then in effect, unless you cancel."`;

exports[`Summary Ts&Cs Snapshot comparison summaryTs&Cs for HomeDelivery With ratePlanKey SixdayPlus (GBPCountries / GBP) renders correctly 1`] = `"The Six Day Plus subscription will auto renew each month. You will be charged the subscription amounts using your chosen payment method at each renewal, at the rate then in effect, unless you cancel."`;

exports[`Summary Ts&Cs Snapshot comparison summaryTs&Cs for HomeDelivery With ratePlanKey Sunday (GBPCountries / GBP) renders correctly 1`] = `"The Observer subscription will auto renew each month. You will be charged the subscription amounts using your chosen payment method at each renewal, at the rate then in effect, unless you cancel."`;

exports[`Summary Ts&Cs Snapshot comparison summaryTs&Cs for OneTimeContribution With ratePlanKey OneTime (GBPCountries / GBP) renders correctly 1`] = `""`;

exports[`Summary Ts&Cs Snapshot comparison summaryTs&Cs for SubscriptionCard With ratePlanKey Sunday (GBPCountries / GBP) renders correctly 1`] = `"The Observer subscription will auto renew each month. You will be charged the subscription amounts using your chosen payment method at each renewal, at the rate then in effect, unless you cancel."`;

exports[`Summary Ts&Cs Snapshot comparison summaryTs&Cs for SubscriptionCard With ratePlanKey WeekendPlus (GBPCountries / GBP) renders correctly 1`] = `"The Weekend Plus subscription will auto renew each month. You will be charged the subscription amounts using your chosen payment method at each renewal, at the rate then in effect, unless you cancel."`;

exports[`Summary Ts&Cs Snapshot comparison summaryTs&Cs for SupporterPlus With ratePlanKey Annual (GBPCountries / GBP) renders correctly 1`] = `"The All-access digital subscription and any contribution will auto-renew each year. You will be charged the subscription and contribution amounts using your chosen payment method at each renewal, at the rate then in effect, unless you cancel."`;

exports[`Summary Ts&Cs Snapshot comparison summaryTs&Cs for SupporterPlus With ratePlanKey Monthly (GBPCountries / GBP) renders correctly 1`] = `"The All-access digital subscription and any contribution will auto-renew each month. You will be charged the subscription and contribution amounts using your chosen payment method at each renewal, at the rate then in effect, unless you cancel."`;

exports[`Summary Ts&Cs Snapshot comparison summaryTs&Cs for SupporterPlus With ratePlanKey Monthly (UnitedStates / USD) renders correctly 1`] = `"By clicking the Pay button below, you agree to enroll in your selected support plan and your payment method will be automatically charged the amount shown each month until you cancel. We will notify you if this amount changes. You may cancel at any time to avoid future charges in Manage My Account.Your enrollment is subject to and governed by the Guardian Terms and Conditions and Privacy Policy."`;
