// Jest Snapshot v1, https://goo.gl/fbAQLP

exports[`PayPal Reducer Tests should handle PAYPAL_EXPRESS_CHECKOUT_LOADED 1`] = `"monthly"`;

exports[`PayPal Reducer Tests should handle PAYPAL_EXPRESS_CHECKOUT_LOADED 2`] = `"GBP"`;

exports[`PayPal Reducer Tests should handle PAYPAL_EXPRESS_CHECKOUT_LOADED 3`] = `13`;

exports[`PayPal Reducer Tests should return the initial state 1`] = `
Object {
  "amount": 13,
  "billingPeriod": "monthly",
  "currency": "GBP",
  "loaded": false,
}
`;
