// Jest Snapshot v1, https://goo.gl/fbAQLP

exports[`PayPal Reducer Tests should handle PAYPAL_EXPRESS_CHECKOUT_LOADED 1`] = `"monthly"`;

exports[`PayPal Reducer Tests should handle PAYPAL_EXPRESS_CHECKOUT_LOADED 2`] = `"GBP"`;

exports[`PayPal Reducer Tests should handle PAYPAL_EXPRESS_CHECKOUT_LOADED 3`] = `null`;

exports[`PayPal Reducer Tests should handle SET_PAYPAL_EXPRESS_AMOUNT 1`] = `"monthly"`;

exports[`PayPal Reducer Tests should handle SET_PAYPAL_EXPRESS_AMOUNT 2`] = `"GBP"`;

exports[`PayPal Reducer Tests should handle SET_PAYPAL_EXPRESS_AMOUNT 3`] = `false`;

exports[`PayPal Reducer Tests should return the initial state 1`] = `
Object {
  "amount": null,
  "billingPeriod": "monthly",
  "currency": "GBP",
  "loaded": false,
}
`;
